stm32wbxx_ll_bus.h:539:22:LL_AHB2_GRP1_EnableClock	24	static
stm32wbxx_ll_bus.h:939:22:LL_APB1_GRP1_EnableClock	24	static
stm32wbxx_ll_bus.h:1038:22:LL_APB1_GRP1_DisableClock	16	static
usbd_conf.c:72:6:HAL_PCD_MspInit	120	static
usbd_conf.c:123:6:HAL_PCD_MspDeInit	16	static
usbd_conf.c:157:6:HAL_PCD_SetupStageCallback	16	static
usbd_conf.c:178:6:HAL_PCD_DataOutStageCallback	16	static
usbd_conf.c:199:6:HAL_PCD_DataInStageCallback	16	static
usbd_conf.c:219:6:HAL_PCD_SOFCallback	16	static
usbd_conf.c:239:6:HAL_PCD_ResetCallback	24	static
usbd_conf.c:270:6:HAL_PCD_SuspendCallback	16	static
usbd_conf.c:300:6:HAL_PCD_ResumeCallback	16	static
usbd_conf.c:331:6:HAL_PCD_ISOOUTIncompleteCallback	16	static
usbd_conf.c:352:6:HAL_PCD_ISOINIncompleteCallback	16	static
usbd_conf.c:372:6:HAL_PCD_ConnectCallback	16	static
usbd_conf.c:392:6:HAL_PCD_DisconnectCallback	16	static
usbd_conf.c:417:20:USBD_LL_Init	16	static
usbd_conf.c:484:20:USBD_LL_DeInit	24	static
usbd_conf.c:501:20:USBD_LL_Start	24	static
usbd_conf.c:518:20:USBD_LL_Stop	24	static
usbd_conf.c:538:20:USBD_LL_OpenEP	24	static
usbd_conf.c:556:20:USBD_LL_CloseEP	24	static
usbd_conf.c:574:20:USBD_LL_FlushEP	24	static
usbd_conf.c:592:20:USBD_LL_StallEP	24	static
usbd_conf.c:610:20:USBD_LL_ClearStallEP	24	static
usbd_conf.c:628:9:USBD_LL_IsStallEP	24	static
usbd_conf.c:648:20:USBD_LL_SetUSBAddress	24	static
usbd_conf.c:668:20:USBD_LL_Transmit	32	static
usbd_conf.c:688:20:USBD_LL_PrepareReceive	32	static
usbd_conf.c:706:10:USBD_LL_GetRxDataSize	16	static
usbd_conf.c:720:6:HAL_PCDEx_LPM_Callback	16	static
usbd_conf.c:756:6:USBD_LL_Delay	16	static
usbd_conf.c:766:7:USBD_static_malloc	16	static
usbd_conf.c:777:6:USBD_static_free	16	static
usbd_conf.c:788:13:SystemClockConfig_Resume	8	static
usbd_conf.c:799:20:USBD_Get_USB_Status	24	static
