Archive member included to satisfy reference by file (symbol)

c:/st/stm32cubeide_1.4.0/stm32cubeide/plugins/com.st.stm32cube.ide.mcu.externaltools.gnu-tools-for-stm32.9-2020-q2-update.win32_2.0.0.202105311346/tools/bin/../lib/gcc/arm-none-eabi/9.3.1/../../../../arm-none-eabi/lib/thumb/v7e-m+fp/hard\libc_nano.a(lib_a-errno.o)
                              ./Core/Src/syscalls.o (__errno)
c:/st/stm32cubeide_1.4.0/stm32cubeide/plugins/com.st.stm32cube.ide.mcu.externaltools.gnu-tools-for-stm32.9-2020-q2-update.win32_2.0.0.202105311346/tools/bin/../lib/gcc/arm-none-eabi/9.3.1/../../../../arm-none-eabi/lib/thumb/v7e-m+fp/hard\libc_nano.a(lib_a-exit.o)
                              c:/st/stm32cubeide_1.4.0/stm32cubeide/plugins/com.st.stm32cube.ide.mcu.externaltools.gnu-tools-for-stm32.9-2020-q2-update.win32_2.0.0.202105311346/tools/bin/../lib/gcc/arm-none-eabi/9.3.1/../../../../arm-none-eabi/lib/thumb/v7e-m+fp/hard/crt0.o (exit)
c:/st/stm32cubeide_1.4.0/stm32cubeide/plugins/com.st.stm32cube.ide.mcu.externaltools.gnu-tools-for-stm32.9-2020-q2-update.win32_2.0.0.202105311346/tools/bin/../lib/gcc/arm-none-eabi/9.3.1/../../../../arm-none-eabi/lib/thumb/v7e-m+fp/hard\libc_nano.a(lib_a-impure.o)
                              c:/st/stm32cubeide_1.4.0/stm32cubeide/plugins/com.st.stm32cube.ide.mcu.externaltools.gnu-tools-for-stm32.9-2020-q2-update.win32_2.0.0.202105311346/tools/bin/../lib/gcc/arm-none-eabi/9.3.1/../../../../arm-none-eabi/lib/thumb/v7e-m+fp/hard\libc_nano.a(lib_a-exit.o) (_global_impure_ptr)
c:/st/stm32cubeide_1.4.0/stm32cubeide/plugins/com.st.stm32cube.ide.mcu.externaltools.gnu-tools-for-stm32.9-2020-q2-update.win32_2.0.0.202105311346/tools/bin/../lib/gcc/arm-none-eabi/9.3.1/../../../../arm-none-eabi/lib/thumb/v7e-m+fp/hard\libc_nano.a(lib_a-init.o)
                              c:/st/stm32cubeide_1.4.0/stm32cubeide/plugins/com.st.stm32cube.ide.mcu.externaltools.gnu-tools-for-stm32.9-2020-q2-update.win32_2.0.0.202105311346/tools/bin/../lib/gcc/arm-none-eabi/9.3.1/../../../../arm-none-eabi/lib/thumb/v7e-m+fp/hard/crt0.o (__libc_init_array)
c:/st/stm32cubeide_1.4.0/stm32cubeide/plugins/com.st.stm32cube.ide.mcu.externaltools.gnu-tools-for-stm32.9-2020-q2-update.win32_2.0.0.202105311346/tools/bin/../lib/gcc/arm-none-eabi/9.3.1/../../../../arm-none-eabi/lib/thumb/v7e-m+fp/hard\libc_nano.a(lib_a-memset.o)
                              c:/st/stm32cubeide_1.4.0/stm32cubeide/plugins/com.st.stm32cube.ide.mcu.externaltools.gnu-tools-for-stm32.9-2020-q2-update.win32_2.0.0.202105311346/tools/bin/../lib/gcc/arm-none-eabi/9.3.1/../../../../arm-none-eabi/lib/thumb/v7e-m+fp/hard/crt0.o (memset)
c:/st/stm32cubeide_1.4.0/stm32cubeide/plugins/com.st.stm32cube.ide.mcu.externaltools.gnu-tools-for-stm32.9-2020-q2-update.win32_2.0.0.202105311346/tools/bin/../lib/gcc/arm-none-eabi/9.3.1/thumb/v7e-m+fp/hard\libgcc.a(_arm_muldf3.o)
                              ./Common/Src/move.o (__aeabi_dmul)
c:/st/stm32cubeide_1.4.0/stm32cubeide/plugins/com.st.stm32cube.ide.mcu.externaltools.gnu-tools-for-stm32.9-2020-q2-update.win32_2.0.0.202105311346/tools/bin/../lib/gcc/arm-none-eabi/9.3.1/thumb/v7e-m+fp/hard\libgcc.a(_arm_addsubdf3.o)
                              ./Common/Src/move.o (__aeabi_dadd)
c:/st/stm32cubeide_1.4.0/stm32cubeide/plugins/com.st.stm32cube.ide.mcu.externaltools.gnu-tools-for-stm32.9-2020-q2-update.win32_2.0.0.202105311346/tools/bin/../lib/gcc/arm-none-eabi/9.3.1/thumb/v7e-m+fp/hard\libgcc.a(_arm_muldivdf3.o)
                              ./Common/Src/move.o (__aeabi_ddiv)
c:/st/stm32cubeide_1.4.0/stm32cubeide/plugins/com.st.stm32cube.ide.mcu.externaltools.gnu-tools-for-stm32.9-2020-q2-update.win32_2.0.0.202105311346/tools/bin/../lib/gcc/arm-none-eabi/9.3.1/thumb/v7e-m+fp/hard\libgcc.a(_arm_cmpdf2.o)
                              ./Common/Src/move.o (__aeabi_dcmplt)
c:/st/stm32cubeide_1.4.0/stm32cubeide/plugins/com.st.stm32cube.ide.mcu.externaltools.gnu-tools-for-stm32.9-2020-q2-update.win32_2.0.0.202105311346/tools/bin/../lib/gcc/arm-none-eabi/9.3.1/thumb/v7e-m+fp/hard\libgcc.a(_arm_fixdfsi.o)
                              ./Common/Src/move.o (__aeabi_d2iz)

Allocating common symbols
Common symbol       size              file

hUsbDeviceFS        0x2d0             ./USB_Device/App/usb_device.o
accel               0x6               ./Common/Src/move.o
uwTick              0x4               ./Drivers/STM32WBxx_HAL_Driver/Src/stm32wbxx_hal.o
htim1               0x4c              ./Core/Src/tim.o
hspi1               0x64              ./Core/Src/spi.o
report              0x4               ./Core/Src/main.o
y_offset            0x2               ./Common/Src/imu.o
hpcd_USB_FS         0x2f4             ./USB_Device/Target/usbd_conf.o
USBD_StrDesc        0x200             ./USB_Device/App/usbd_desc.o
x_offset            0x2               ./Common/Src/imu.o

Discarded input sections

[...]
Memory Configuration

Name             Origin             Length             Attributes
FLASH            0x0000000008000000 0x0000000000040000 xr
RAM1             0x0000000020000004 0x0000000000007ffc xrw
RAM_SHARED       0x0000000020030000 0x0000000000002800 xrw
*default*        0x0000000000000000 0xffffffffffffffff

Linker script and memory map

LOAD c:/st/stm32cubeide_1.4.0/stm32cubeide/plugins/com.st.stm32cube.ide.mcu.externaltools.gnu-tools-for-stm32.9-2020-q2-update.win32_2.0.0.202105311346/tools/bin/../lib/gcc/arm-none-eabi/9.3.1/thumb/v7e-m+fp/hard/crti.o
LOAD c:/st/stm32cubeide_1.4.0/stm32cubeide/plugins/com.st.stm32cube.ide.mcu.externaltools.gnu-tools-for-stm32.9-2020-q2-update.win32_2.0.0.202105311346/tools/bin/../lib/gcc/arm-none-eabi/9.3.1/thumb/v7e-m+fp/hard/crtbegin.o
LOAD c:/st/stm32cubeide_1.4.0/stm32cubeide/plugins/com.st.stm32cube.ide.mcu.externaltools.gnu-tools-for-stm32.9-2020-q2-update.win32_2.0.0.202105311346/tools/bin/../lib/gcc/arm-none-eabi/9.3.1/../../../../arm-none-eabi/lib/thumb/v7e-m+fp/hard/crt0.o
LOAD ./Common/Src/buttons.o
LOAD ./Common/Src/imu.o
LOAD ./Common/Src/move.o
LOAD ./Common/Src/wheel.o
LOAD ./Core/Src/gpio.o
LOAD ./Core/Src/main.o
LOAD ./Core/Src/spi.o
LOAD ./Core/Src/stm32wbxx_hal_msp.o
LOAD ./Core/Src/stm32wbxx_it.o
LOAD ./Core/Src/syscalls.o
LOAD ./Core/Src/sysmem.o
LOAD ./Core/Src/system_stm32wbxx.o
LOAD ./Core/Src/tim.o
LOAD ./Core/Startup/startup_stm32wb35ceuxa.o
LOAD ./Drivers/STM32WBxx_HAL_Driver/Src/stm32wbxx_hal.o
LOAD ./Drivers/STM32WBxx_HAL_Driver/Src/stm32wbxx_hal_cortex.o
LOAD ./Drivers/STM32WBxx_HAL_Driver/Src/stm32wbxx_hal_dma.o
LOAD ./Drivers/STM32WBxx_HAL_Driver/Src/stm32wbxx_hal_dma_ex.o
LOAD ./Drivers/STM32WBxx_HAL_Driver/Src/stm32wbxx_hal_exti.o
LOAD ./Drivers/STM32WBxx_HAL_Driver/Src/stm32wbxx_hal_flash.o
LOAD ./Drivers/STM32WBxx_HAL_Driver/Src/stm32wbxx_hal_flash_ex.o
LOAD ./Drivers/STM32WBxx_HAL_Driver/Src/stm32wbxx_hal_gpio.o
LOAD ./Drivers/STM32WBxx_HAL_Driver/Src/stm32wbxx_hal_hsem.o
LOAD ./Drivers/STM32WBxx_HAL_Driver/Src/stm32wbxx_hal_pcd.o
LOAD ./Drivers/STM32WBxx_HAL_Driver/Src/stm32wbxx_hal_pcd_ex.o
LOAD ./Drivers/STM32WBxx_HAL_Driver/Src/stm32wbxx_hal_pwr.o
LOAD ./Drivers/STM32WBxx_HAL_Driver/Src/stm32wbxx_hal_pwr_ex.o
LOAD ./Drivers/STM32WBxx_HAL_Driver/Src/stm32wbxx_hal_rcc.o
LOAD ./Drivers/STM32WBxx_HAL_Driver/Src/stm32wbxx_hal_rcc_ex.o
LOAD ./Drivers/STM32WBxx_HAL_Driver/Src/stm32wbxx_hal_spi.o
LOAD ./Drivers/STM32WBxx_HAL_Driver/Src/stm32wbxx_hal_spi_ex.o
LOAD ./Drivers/STM32WBxx_HAL_Driver/Src/stm32wbxx_hal_tim.o
LOAD ./Drivers/STM32WBxx_HAL_Driver/Src/stm32wbxx_hal_tim_ex.o
LOAD ./Drivers/STM32WBxx_HAL_Driver/Src/stm32wbxx_ll_usb.o
LOAD ./Middlewares/ST/STM32_USB_Device_Library/Class/HID/Src/usbd_hid.o
LOAD ./Middlewares/ST/STM32_USB_Device_Library/Core/Src/usbd_core.o
LOAD ./Middlewares/ST/STM32_USB_Device_Library/Core/Src/usbd_ctlreq.o
LOAD ./Middlewares/ST/STM32_USB_Device_Library/Core/Src/usbd_ioreq.o
LOAD ./USB_Device/App/usb_device.o
LOAD ./USB_Device/App/usbd_desc.o
LOAD ./USB_Device/Target/usbd_conf.o
START GROUP
LOAD c:/st/stm32cubeide_1.4.0/stm32cubeide/plugins/com.st.stm32cube.ide.mcu.externaltools.gnu-tools-for-stm32.9-2020-q2-update.win32_2.0.0.202105311346/tools/bin/../lib/gcc/arm-none-eabi/9.3.1/../../../../arm-none-eabi/lib/thumb/v7e-m+fp/hard\libc_nano.a
LOAD c:/st/stm32cubeide_1.4.0/stm32cubeide/plugins/com.st.stm32cube.ide.mcu.externaltools.gnu-tools-for-stm32.9-2020-q2-update.win32_2.0.0.202105311346/tools/bin/../lib/gcc/arm-none-eabi/9.3.1/../../../../arm-none-eabi/lib/thumb/v7e-m+fp/hard\libm.a
END GROUP
START GROUP
LOAD c:/st/stm32cubeide_1.4.0/stm32cubeide/plugins/com.st.stm32cube.ide.mcu.externaltools.gnu-tools-for-stm32.9-2020-q2-update.win32_2.0.0.202105311346/tools/bin/../lib/gcc/arm-none-eabi/9.3.1/thumb/v7e-m+fp/hard\libgcc.a
LOAD c:/st/stm32cubeide_1.4.0/stm32cubeide/plugins/com.st.stm32cube.ide.mcu.externaltools.gnu-tools-for-stm32.9-2020-q2-update.win32_2.0.0.202105311346/tools/bin/../lib/gcc/arm-none-eabi/9.3.1/../../../../arm-none-eabi/lib/thumb/v7e-m+fp/hard\libc_nano.a
END GROUP
START GROUP
LOAD c:/st/stm32cubeide_1.4.0/stm32cubeide/plugins/com.st.stm32cube.ide.mcu.externaltools.gnu-tools-for-stm32.9-2020-q2-update.win32_2.0.0.202105311346/tools/bin/../lib/gcc/arm-none-eabi/9.3.1/thumb/v7e-m+fp/hard\libgcc.a
LOAD c:/st/stm32cubeide_1.4.0/stm32cubeide/plugins/com.st.stm32cube.ide.mcu.externaltools.gnu-tools-for-stm32.9-2020-q2-update.win32_2.0.0.202105311346/tools/bin/../lib/gcc/arm-none-eabi/9.3.1/../../../../arm-none-eabi/lib/thumb/v7e-m+fp/hard\libc_nano.a
LOAD c:/st/stm32cubeide_1.4.0/stm32cubeide/plugins/com.st.stm32cube.ide.mcu.externaltools.gnu-tools-for-stm32.9-2020-q2-update.win32_2.0.0.202105311346/tools/bin/../lib/gcc/arm-none-eabi/9.3.1/../../../../arm-none-eabi/lib/thumb/v7e-m+fp/hard\libnosys.a
END GROUP
START GROUP
LOAD c:/st/stm32cubeide_1.4.0/stm32cubeide/plugins/com.st.stm32cube.ide.mcu.externaltools.gnu-tools-for-stm32.9-2020-q2-update.win32_2.0.0.202105311346/tools/bin/../lib/gcc/arm-none-eabi/9.3.1/thumb/v7e-m+fp/hard\libgcc.a
LOAD c:/st/stm32cubeide_1.4.0/stm32cubeide/plugins/com.st.stm32cube.ide.mcu.externaltools.gnu-tools-for-stm32.9-2020-q2-update.win32_2.0.0.202105311346/tools/bin/../lib/gcc/arm-none-eabi/9.3.1/../../../../arm-none-eabi/lib/thumb/v7e-m+fp/hard\libc_nano.a
LOAD c:/st/stm32cubeide_1.4.0/stm32cubeide/plugins/com.st.stm32cube.ide.mcu.externaltools.gnu-tools-for-stm32.9-2020-q2-update.win32_2.0.0.202105311346/tools/bin/../lib/gcc/arm-none-eabi/9.3.1/../../../../arm-none-eabi/lib/thumb/v7e-m+fp/hard\libnosys.a
END GROUP
LOAD c:/st/stm32cubeide_1.4.0/stm32cubeide/plugins/com.st.stm32cube.ide.mcu.externaltools.gnu-tools-for-stm32.9-2020-q2-update.win32_2.0.0.202105311346/tools/bin/../lib/gcc/arm-none-eabi/9.3.1/thumb/v7e-m+fp/hard/crtend.o
LOAD c:/st/stm32cubeide_1.4.0/stm32cubeide/plugins/com.st.stm32cube.ide.mcu.externaltools.gnu-tools-for-stm32.9-2020-q2-update.win32_2.0.0.202105311346/tools/bin/../lib/gcc/arm-none-eabi/9.3.1/thumb/v7e-m+fp/hard/crtn.o
                0x0000000020008000                _estack = (ORIGIN (RAM1) + LENGTH (RAM1))
                0x0000000000000200                _Min_Heap_Size = 0x200
                0x0000000000000400                _Min_Stack_Size = 0x400

.isr_vector     0x0000000008000000      0x13c
                0x0000000008000000                . = ALIGN (0x4)
 *(.isr_vector)
 .isr_vector    0x0000000008000000      0x13c ./Core/Startup/startup_stm32wb35ceuxa.o
                0x0000000008000000                g_pfnVectors
                0x000000000800013c                . = ALIGN (0x4)

.text           0x000000000800013c     0xaa40
                0x000000000800013c                . = ALIGN (0x4)
 *(.text)
 .text          0x000000000800013c       0x40 c:/st/stm32cubeide_1.4.0/stm32cubeide/plugins/com.st.stm32cube.ide.mcu.externaltools.gnu-tools-for-stm32.9-2020-q2-update.win32_2.0.0.202105311346/tools/bin/../lib/gcc/arm-none-eabi/9.3.1/thumb/v7e-m+fp/hard/crtbegin.o
 .text          0x000000000800017c      0x378 c:/st/stm32cubeide_1.4.0/stm32cubeide/plugins/com.st.stm32cube.ide.mcu.externaltools.gnu-tools-for-stm32.9-2020-q2-update.win32_2.0.0.202105311346/tools/bin/../lib/gcc/arm-none-eabi/9.3.1/thumb/v7e-m+fp/hard\libgcc.a(_arm_addsubdf3.o)
                0x000000000800017c                __aeabi_drsub
                0x0000000008000184                __aeabi_dsub
                0x0000000008000184                __subdf3
                0x0000000008000188                __aeabi_dadd
                0x0000000008000188                __adddf3
                0x0000000008000400                __floatunsidf
                0x0000000008000400                __aeabi_ui2d
                0x0000000008000420                __floatsidf
                0x0000000008000420                __aeabi_i2d
                0x0000000008000444                __aeabi_f2d
                0x0000000008000444                __extendsfdf2
                0x0000000008000488                __floatundidf
                0x0000000008000488                __aeabi_ul2d
                0x0000000008000498                __floatdidf
                0x0000000008000498                __aeabi_l2d
 .text          0x00000000080004f4      0x424 c:/st/stm32cubeide_1.4.0/stm32cubeide/plugins/com.st.stm32cube.ide.mcu.externaltools.gnu-tools-for-stm32.9-2020-q2-update.win32_2.0.0.202105311346/tools/bin/../lib/gcc/arm-none-eabi/9.3.1/thumb/v7e-m+fp/hard\libgcc.a(_arm_muldivdf3.o)
                0x00000000080004f4                __aeabi_dmul
                0x00000000080004f4                __muldf3
                0x0000000008000748                __divdf3
                0x0000000008000748                __aeabi_ddiv
 .text          0x0000000008000918      0x110 c:/st/stm32cubeide_1.4.0/stm32cubeide/plugins/com.st.stm32cube.ide.mcu.externaltools.gnu-tools-for-stm32.9-2020-q2-update.win32_2.0.0.202105311346/tools/bin/../lib/gcc/arm-none-eabi/9.3.1/thumb/v7e-m+fp/hard\libgcc.a(_arm_cmpdf2.o)
                0x0000000008000918                __gtdf2
                0x0000000008000918                __gedf2
                0x0000000008000920                __ltdf2
                0x0000000008000920                __ledf2
                0x0000000008000928                __nedf2
                0x0000000008000928                __eqdf2
                0x0000000008000928                __cmpdf2
                0x00000000080009a4                __aeabi_cdrcmple
                0x00000000080009b4                __aeabi_cdcmpeq
                0x00000000080009b4                __aeabi_cdcmple
                0x00000000080009c4                __aeabi_dcmpeq
                0x00000000080009d8                __aeabi_dcmplt
                0x00000000080009ec                __aeabi_dcmple
                0x0000000008000a00                __aeabi_dcmpge
                0x0000000008000a14                __aeabi_dcmpgt
 .text          0x0000000008000a28       0x50 c:/st/stm32cubeide_1.4.0/stm32cubeide/plugins/com.st.stm32cube.ide.mcu.externaltools.gnu-tools-for-stm32.9-2020-q2-update.win32_2.0.0.202105311346/tools/bin/../lib/gcc/arm-none-eabi/9.3.1/thumb/v7e-m+fp/hard\libgcc.a(_arm_fixdfsi.o)
                0x0000000008000a28                __aeabi_d2iz
                0x0000000008000a28                __fixdfsi
 *(.text*)
 .text.update_buttons
                0x0000000008000a78       0xf4 ./Common/Src/buttons.o
                0x0000000008000a78                update_buttons
 .text.read_register
                0x0000000008000b6c       0x60 ./Common/Src/imu.o
                0x0000000008000b6c                read_register
 .text.write_register
                0x0000000008000bcc       0x60 ./Common/Src/imu.o
                0x0000000008000bcc                write_register
 .text.imu_setup
                0x0000000008000c2c       0xc2 ./Common/Src/imu.o
                0x0000000008000c2c                imu_setup
 .text.read_x   0x0000000008000cee       0x34 ./Common/Src/imu.o
                0x0000000008000cee                read_x
 .text.read_y   0x0000000008000d22       0x34 ./Common/Src/imu.o
                0x0000000008000d22                read_y
 .text.read_z   0x0000000008000d56       0x34 ./Common/Src/imu.o
                0x0000000008000d56                read_z
 *fill*         0x0000000008000d8a        0x2 
 .text.filter_p
                0x0000000008000d8c      0x118 ./Common/Src/imu.o
                0x0000000008000d8c                filter_p
 .text.get_xyz  0x0000000008000ea4       0x7c ./Common/Src/imu.o
                0x0000000008000ea4                get_xyz
 .text.get_mouse_xy
                0x0000000008000f20      0x564 ./Common/Src/move.o
                0x0000000008000f20                get_mouse_xy
 .text.calculate_encoder_diff
                0x0000000008001484       0x86 ./Common/Src/wheel.o
                0x0000000008001484                calculate_encoder_diff
 *fill*         0x000000000800150a        0x2 
 .text.get_wheel_change
                0x000000000800150c       0x74 ./Common/Src/wheel.o
                0x000000000800150c                get_wheel_change
 .text.LL_AHB2_GRP1_EnableClock
                0x0000000008001580       0x32 ./Core/Src/gpio.o
 *fill*         0x00000000080015b2        0x2 
 .text.MX_GPIO_Init
                0x00000000080015b4       0xcc ./Core/Src/gpio.o
                0x00000000080015b4                MX_GPIO_Init
 .text.main     0x0000000008001680       0xc4 ./Core/Src/main.o
                0x0000000008001680                main
 .text.SystemClock_Config
                0x0000000008001744       0xd8 ./Core/Src/main.o
                0x0000000008001744                SystemClock_Config
 .text.PeriphCommonClock_Config
                0x000000000800181c       0x3a ./Core/Src/main.o
                0x000000000800181c                PeriphCommonClock_Config
 .text.Error_Handler
                0x0000000008001856        0xa ./Core/Src/main.o
                0x0000000008001856                Error_Handler
 .text.LL_AHB2_GRP1_EnableClock
                0x0000000008001860       0x32 ./Core/Src/spi.o
 .text.LL_APB2_GRP1_EnableClock
                0x0000000008001892       0x32 ./Core/Src/spi.o
 .text.MX_SPI1_Init
                0x00000000080018c4       0x7c ./Core/Src/spi.o
                0x00000000080018c4                MX_SPI1_Init
 .text.HAL_SPI_MspInit
                0x0000000008001940       0x60 ./Core/Src/spi.o
                0x0000000008001940                HAL_SPI_MspInit
 .text.HAL_MspInit
                0x00000000080019a0       0x50 ./Core/Src/stm32wbxx_hal_msp.o
                0x00000000080019a0                HAL_MspInit
 .text.NMI_Handler
                0x00000000080019f0        0x6 ./Core/Src/stm32wbxx_it.o
                0x00000000080019f0                NMI_Handler
 .text.HardFault_Handler
                0x00000000080019f6        0x6 ./Core/Src/stm32wbxx_it.o
                0x00000000080019f6                HardFault_Handler
 .text.MemManage_Handler
                0x00000000080019fc        0x6 ./Core/Src/stm32wbxx_it.o
                0x00000000080019fc                MemManage_Handler
 .text.BusFault_Handler
                0x0000000008001a02        0x6 ./Core/Src/stm32wbxx_it.o
                0x0000000008001a02                BusFault_Handler
 .text.UsageFault_Handler
                0x0000000008001a08        0x6 ./Core/Src/stm32wbxx_it.o
                0x0000000008001a08                UsageFault_Handler
 .text.SVC_Handler
                0x0000000008001a0e        0xe ./Core/Src/stm32wbxx_it.o
                0x0000000008001a0e                SVC_Handler
 .text.DebugMon_Handler
                0x0000000008001a1c        0xe ./Core/Src/stm32wbxx_it.o
                0x0000000008001a1c                DebugMon_Handler
 .text.PendSV_Handler
                0x0000000008001a2a        0xe ./Core/Src/stm32wbxx_it.o
                0x0000000008001a2a                PendSV_Handler
 .text.SysTick_Handler
                0x0000000008001a38        0xc ./Core/Src/stm32wbxx_it.o
                0x0000000008001a38                SysTick_Handler
 .text.USB_LP_IRQHandler
                0x0000000008001a44       0x14 ./Core/Src/stm32wbxx_it.o
                0x0000000008001a44                USB_LP_IRQHandler
 .text.SystemInit
                0x0000000008001a58       0x9c ./Core/Src/system_stm32wbxx.o
                0x0000000008001a58                SystemInit
 .text.LL_AHB2_GRP1_EnableClock
                0x0000000008001af4       0x32 ./Core/Src/tim.o
 .text.LL_APB2_GRP1_EnableClock
                0x0000000008001b26       0x32 ./Core/Src/tim.o
 .text.MX_TIM1_Init
                0x0000000008001b58       0xb4 ./Core/Src/tim.o
                0x0000000008001b58                MX_TIM1_Init
 .text.HAL_TIM_Encoder_MspInit
                0x0000000008001c0c       0x60 ./Core/Src/tim.o
                0x0000000008001c0c                HAL_TIM_Encoder_MspInit
 .text.data_initializers
                0x0000000008001c6c       0x18 ./Core/Startup/startup_stm32wb35ceuxa.o
 .text.Reset_Handler
                0x0000000008001c84       0x54 ./Core/Startup/startup_stm32wb35ceuxa.o
                0x0000000008001c84                Reset_Handler
 .text.Default_Handler
                0x0000000008001cd8        0x2 ./Core/Startup/startup_stm32wb35ceuxa.o
                0x0000000008001cd8                RTC_Alarm_IRQHandler
                0x0000000008001cd8                EXTI2_IRQHandler
                0x0000000008001cd8                TIM1_CC_IRQHandler
                0x0000000008001cd8                USB_HP_IRQHandler
                0x0000000008001cd8                EXTI3_IRQHandler
                0x0000000008001cd8                LPTIM2_IRQHandler
                0x0000000008001cd8                I2C3_ER_IRQHandler
                0x0000000008001cd8                EXTI0_IRQHandler
                0x0000000008001cd8                FPU_IRQHandler
                0x0000000008001cd8                TIM1_UP_TIM16_IRQHandler
                0x0000000008001cd8                AES1_IRQHandler
                0x0000000008001cd8                SPI1_IRQHandler
                0x0000000008001cd8                PWR_SOTF_BLEACT_802ACT_RFPHASE_IRQHandler
                0x0000000008001cd8                DMA2_Channel2_IRQHandler
                0x0000000008001cd8                DMA1_Channel4_IRQHandler
                0x0000000008001cd8                ADC1_IRQHandler
                0x0000000008001cd8                PKA_IRQHandler
                0x0000000008001cd8                DMA1_Channel7_IRQHandler
                0x0000000008001cd8                IPCC_C1_TX_IRQHandler
                0x0000000008001cd8                DMA2_Channel1_IRQHandler
                0x0000000008001cd8                QUADSPI_IRQHandler
                0x0000000008001cd8                I2C1_EV_IRQHandler
                0x0000000008001cd8                DMAMUX1_OVR_IRQHandler
                0x0000000008001cd8                DMA1_Channel6_IRQHandler
                0x0000000008001cd8                DMA2_Channel4_IRQHandler
                0x0000000008001cd8                RCC_IRQHandler
                0x0000000008001cd8                DMA1_Channel1_IRQHandler
                0x0000000008001cd8                Default_Handler
                0x0000000008001cd8                DMA2_Channel7_IRQHandler
                0x0000000008001cd8                EXTI15_10_IRQHandler
                0x0000000008001cd8                IPCC_C1_RX_IRQHandler
                0x0000000008001cd8                C2SEV_PWR_C2H_IRQHandler
                0x0000000008001cd8                AES2_IRQHandler
                0x0000000008001cd8                I2C3_EV_IRQHandler
                0x0000000008001cd8                EXTI9_5_IRQHandler
                0x0000000008001cd8                RTC_WKUP_IRQHandler
                0x0000000008001cd8                PVD_PVM_IRQHandler
                0x0000000008001cd8                DMA2_Channel5_IRQHandler
                0x0000000008001cd8                CRS_IRQHandler
                0x0000000008001cd8                DMA1_Channel5_IRQHandler
                0x0000000008001cd8                EXTI4_IRQHandler
                0x0000000008001cd8                RNG_IRQHandler
                0x0000000008001cd8                TIM1_TRG_COM_TIM17_IRQHandler
                0x0000000008001cd8                TAMP_STAMP_LSECSS_IRQHandler
                0x0000000008001cd8                DMA1_Channel3_IRQHandler
                0x0000000008001cd8                COMP_IRQHandler
                0x0000000008001cd8                HSEM_IRQHandler
                0x0000000008001cd8                WWDG_IRQHandler
                0x0000000008001cd8                LPUART1_IRQHandler
                0x0000000008001cd8                DMA2_Channel6_IRQHandler
                0x0000000008001cd8                TIM2_IRQHandler
                0x0000000008001cd8                TIM1_BRK_IRQHandler
                0x0000000008001cd8                EXTI1_IRQHandler
                0x0000000008001cd8                DMA1_Channel2_IRQHandler
                0x0000000008001cd8                FLASH_IRQHandler
                0x0000000008001cd8                USART1_IRQHandler
                0x0000000008001cd8                I2C1_ER_IRQHandler
                0x0000000008001cd8                LPTIM1_IRQHandler
                0x0000000008001cd8                DMA2_Channel3_IRQHandler
 *fill*         0x0000000008001cda        0x2 
 .text.HAL_Init
                0x0000000008001cdc       0x40 ./Drivers/STM32WBxx_HAL_Driver/Src/stm32wbxx_hal.o
                0x0000000008001cdc                HAL_Init
 .text.HAL_InitTick
                0x0000000008001d1c       0x74 ./Drivers/STM32WBxx_HAL_Driver/Src/stm32wbxx_hal.o
                0x0000000008001d1c                HAL_InitTick
 .text.HAL_IncTick
                0x0000000008001d90       0x28 ./Drivers/STM32WBxx_HAL_Driver/Src/stm32wbxx_hal.o
                0x0000000008001d90                HAL_IncTick
 .text.HAL_GetTick
                0x0000000008001db8       0x18 ./Drivers/STM32WBxx_HAL_Driver/Src/stm32wbxx_hal.o
                0x0000000008001db8                HAL_GetTick
 .text.HAL_GetTickPrio
                0x0000000008001dd0       0x18 ./Drivers/STM32WBxx_HAL_Driver/Src/stm32wbxx_hal.o
                0x0000000008001dd0                HAL_GetTickPrio
 .text.HAL_Delay
                0x0000000008001de8       0x48 ./Drivers/STM32WBxx_HAL_Driver/Src/stm32wbxx_hal.o
                0x0000000008001de8                HAL_Delay
 .text.__NVIC_SetPriorityGrouping
                0x0000000008001e30       0x48 ./Drivers/STM32WBxx_HAL_Driver/Src/stm32wbxx_hal_cortex.o
 .text.__NVIC_GetPriorityGrouping
                0x0000000008001e78       0x1c ./Drivers/STM32WBxx_HAL_Driver/Src/stm32wbxx_hal_cortex.o
 .text.__NVIC_EnableIRQ
                0x0000000008001e94       0x3c ./Drivers/STM32WBxx_HAL_Driver/Src/stm32wbxx_hal_cortex.o
 .text.__NVIC_SetPriority
                0x0000000008001ed0       0x54 ./Drivers/STM32WBxx_HAL_Driver/Src/stm32wbxx_hal_cortex.o
 .text.NVIC_EncodePriority
                0x0000000008001f24       0x66 ./Drivers/STM32WBxx_HAL_Driver/Src/stm32wbxx_hal_cortex.o
 *fill*         0x0000000008001f8a        0x2 
 .text.SysTick_Config
                0x0000000008001f8c       0x44 ./Drivers/STM32WBxx_HAL_Driver/Src/stm32wbxx_hal_cortex.o
 .text.HAL_NVIC_SetPriorityGrouping
                0x0000000008001fd0       0x16 ./Drivers/STM32WBxx_HAL_Driver/Src/stm32wbxx_hal_cortex.o
                0x0000000008001fd0                HAL_NVIC_SetPriorityGrouping
 .text.HAL_NVIC_SetPriority
                0x0000000008001fe6       0x34 ./Drivers/STM32WBxx_HAL_Driver/Src/stm32wbxx_hal_cortex.o
                0x0000000008001fe6                HAL_NVIC_SetPriority
 .text.HAL_NVIC_EnableIRQ
                0x000000000800201a       0x1c ./Drivers/STM32WBxx_HAL_Driver/Src/stm32wbxx_hal_cortex.o
                0x000000000800201a                HAL_NVIC_EnableIRQ
 .text.HAL_SYSTICK_Config
                0x0000000008002036       0x18 ./Drivers/STM32WBxx_HAL_Driver/Src/stm32wbxx_hal_cortex.o
                0x0000000008002036                HAL_SYSTICK_Config
 *fill*         0x000000000800204e        0x2 
 .text.HAL_GPIO_Init
                0x0000000008002050      0x2d0 ./Drivers/STM32WBxx_HAL_Driver/Src/stm32wbxx_hal_gpio.o
                0x0000000008002050                HAL_GPIO_Init
 .text.HAL_GPIO_ReadPin
                0x0000000008002320       0x30 ./Drivers/STM32WBxx_HAL_Driver/Src/stm32wbxx_hal_gpio.o
                0x0000000008002320                HAL_GPIO_ReadPin
 .text.HAL_GPIO_WritePin
                0x0000000008002350       0x30 ./Drivers/STM32WBxx_HAL_Driver/Src/stm32wbxx_hal_gpio.o
                0x0000000008002350                HAL_GPIO_WritePin
 .text.HAL_PCD_Init
                0x0000000008002380      0x1ca ./Drivers/STM32WBxx_HAL_Driver/Src/stm32wbxx_hal_pcd.o
                0x0000000008002380                HAL_PCD_Init
 .text.HAL_PCD_Start
                0x000000000800254a       0x44 ./Drivers/STM32WBxx_HAL_Driver/Src/stm32wbxx_hal_pcd.o
                0x000000000800254a                HAL_PCD_Start
 .text.HAL_PCD_IRQHandler
                0x000000000800258e      0x24e ./Drivers/STM32WBxx_HAL_Driver/Src/stm32wbxx_hal_pcd.o
                0x000000000800258e                HAL_PCD_IRQHandler
 .text.HAL_PCD_SetAddress
                0x00000000080027dc       0x4a ./Drivers/STM32WBxx_HAL_Driver/Src/stm32wbxx_hal_pcd.o
                0x00000000080027dc                HAL_PCD_SetAddress
 .text.HAL_PCD_EP_Open
                0x0000000008002826       0xcc ./Drivers/STM32WBxx_HAL_Driver/Src/stm32wbxx_hal_pcd.o
                0x0000000008002826                HAL_PCD_EP_Open
 .text.HAL_PCD_EP_Close
                0x00000000080028f2       0x90 ./Drivers/STM32WBxx_HAL_Driver/Src/stm32wbxx_hal_pcd.o
                0x00000000080028f2                HAL_PCD_EP_Close
 .text.HAL_PCD_EP_Receive
                0x0000000008002982       0x7a ./Drivers/STM32WBxx_HAL_Driver/Src/stm32wbxx_hal_pcd.o
                0x0000000008002982                HAL_PCD_EP_Receive
 .text.HAL_PCD_EP_Transmit
                0x00000000080029fc       0x86 ./Drivers/STM32WBxx_HAL_Driver/Src/stm32wbxx_hal_pcd.o
                0x00000000080029fc                HAL_PCD_EP_Transmit
 .text.HAL_PCD_EP_SetStall
                0x0000000008002a82       0xa4 ./Drivers/STM32WBxx_HAL_Driver/Src/stm32wbxx_hal_pcd.o
                0x0000000008002a82                HAL_PCD_EP_SetStall
 .text.HAL_PCD_EP_ClrStall
                0x0000000008002b26       0xa8 ./Drivers/STM32WBxx_HAL_Driver/Src/stm32wbxx_hal_pcd.o
                0x0000000008002b26                HAL_PCD_EP_ClrStall
 .text.PCD_EP_ISR_Handler
                0x0000000008002bce      0x760 ./Drivers/STM32WBxx_HAL_Driver/Src/stm32wbxx_hal_pcd.o
 .text.HAL_PCD_EP_DB_Receive
                0x000000000800332e      0x212 ./Drivers/STM32WBxx_HAL_Driver/Src/stm32wbxx_hal_pcd.o
 .text.HAL_PCD_EP_DB_Transmit
                0x0000000008003540      0x79c ./Drivers/STM32WBxx_HAL_Driver/Src/stm32wbxx_hal_pcd.o
 .text.HAL_PCDEx_PMAConfig
                0x0000000008003cdc       0x86 ./Drivers/STM32WBxx_HAL_Driver/Src/stm32wbxx_hal_pcd_ex.o
                0x0000000008003cdc                HAL_PCDEx_PMAConfig
 .text.HAL_PCDEx_ActivateLPM
                0x0000000008003d62       0x54 ./Drivers/STM32WBxx_HAL_Driver/Src/stm32wbxx_hal_pcd_ex.o
                0x0000000008003d62                HAL_PCDEx_ActivateLPM
 *fill*         0x0000000008003db6        0x2 
 .text.HAL_PWR_EnableBkUpAccess
                0x0000000008003db8       0x20 ./Drivers/STM32WBxx_HAL_Driver/Src/stm32wbxx_hal_pwr.o
                0x0000000008003db8                HAL_PWR_EnableBkUpAccess
 .text.HAL_PWREx_GetVoltageRange
                0x0000000008003dd8       0x1c ./Drivers/STM32WBxx_HAL_Driver/Src/stm32wbxx_hal_pwr_ex.o
                0x0000000008003dd8                HAL_PWREx_GetVoltageRange
 .text.HAL_PWREx_EnableVddUSB
                0x0000000008003df4       0x20 ./Drivers/STM32WBxx_HAL_Driver/Src/stm32wbxx_hal_pwr_ex.o
                0x0000000008003df4                HAL_PWREx_EnableVddUSB
 .text.LL_RCC_HSE_IsEnabledDiv2
                0x0000000008003e14       0x24 ./Drivers/STM32WBxx_HAL_Driver/Src/stm32wbxx_hal_rcc.o
 .text.LL_RCC_HSE_Enable
                0x0000000008003e38       0x1e ./Drivers/STM32WBxx_HAL_Driver/Src/stm32wbxx_hal_rcc.o
 .text.LL_RCC_HSE_Disable
                0x0000000008003e56       0x1e ./Drivers/STM32WBxx_HAL_Driver/Src/stm32wbxx_hal_rcc.o
 .text.LL_RCC_HSE_IsReady
                0x0000000008003e74       0x24 ./Drivers/STM32WBxx_HAL_Driver/Src/stm32wbxx_hal_rcc.o
 .text.LL_RCC_HSI_Enable
                0x0000000008003e98       0x1e ./Drivers/STM32WBxx_HAL_Driver/Src/stm32wbxx_hal_rcc.o
 .text.LL_RCC_HSI_Disable
                0x0000000008003eb6       0x1e ./Drivers/STM32WBxx_HAL_Driver/Src/stm32wbxx_hal_rcc.o
 .text.LL_RCC_HSI_IsReady
                0x0000000008003ed4       0x24 ./Drivers/STM32WBxx_HAL_Driver/Src/stm32wbxx_hal_rcc.o
 .text.LL_RCC_HSI_SetCalibTrimming
                0x0000000008003ef8       0x2a ./Drivers/STM32WBxx_HAL_Driver/Src/stm32wbxx_hal_rcc.o
 .text.LL_RCC_HSI48_Enable
                0x0000000008003f22       0x22 ./Drivers/STM32WBxx_HAL_Driver/Src/stm32wbxx_hal_rcc.o
 .text.LL_RCC_HSI48_Disable
                0x0000000008003f44       0x22 ./Drivers/STM32WBxx_HAL_Driver/Src/stm32wbxx_hal_rcc.o
 .text.LL_RCC_HSI48_IsReady
                0x0000000008003f66       0x24 ./Drivers/STM32WBxx_HAL_Driver/Src/stm32wbxx_hal_rcc.o
 .text.LL_RCC_LSE_Enable
                0x0000000008003f8a       0x22 ./Drivers/STM32WBxx_HAL_Driver/Src/stm32wbxx_hal_rcc.o
 .text.LL_RCC_LSE_Disable
                0x0000000008003fac       0x22 ./Drivers/STM32WBxx_HAL_Driver/Src/stm32wbxx_hal_rcc.o
 .text.LL_RCC_LSE_EnableBypass
                0x0000000008003fce       0x22 ./Drivers/STM32WBxx_HAL_Driver/Src/stm32wbxx_hal_rcc.o
 .text.LL_RCC_LSE_DisableBypass
                0x0000000008003ff0       0x22 ./Drivers/STM32WBxx_HAL_Driver/Src/stm32wbxx_hal_rcc.o
 .text.LL_RCC_LSE_IsReady
                0x0000000008004012       0x24 ./Drivers/STM32WBxx_HAL_Driver/Src/stm32wbxx_hal_rcc.o
 .text.LL_RCC_LSI1_Enable
                0x0000000008004036       0x22 ./Drivers/STM32WBxx_HAL_Driver/Src/stm32wbxx_hal_rcc.o
 .text.LL_RCC_LSI1_Disable
                0x0000000008004058       0x22 ./Drivers/STM32WBxx_HAL_Driver/Src/stm32wbxx_hal_rcc.o
 .text.LL_RCC_LSI1_IsReady
                0x000000000800407a       0x24 ./Drivers/STM32WBxx_HAL_Driver/Src/stm32wbxx_hal_rcc.o
 .text.LL_RCC_LSI2_Enable
                0x000000000800409e       0x22 ./Drivers/STM32WBxx_HAL_Driver/Src/stm32wbxx_hal_rcc.o
 .text.LL_RCC_LSI2_Disable
                0x00000000080040c0       0x22 ./Drivers/STM32WBxx_HAL_Driver/Src/stm32wbxx_hal_rcc.o
 .text.LL_RCC_LSI2_IsReady
                0x00000000080040e2       0x24 ./Drivers/STM32WBxx_HAL_Driver/Src/stm32wbxx_hal_rcc.o
 .text.LL_RCC_LSI2_SetTrimming
                0x0000000008004106       0x2e ./Drivers/STM32WBxx_HAL_Driver/Src/stm32wbxx_hal_rcc.o
 .text.LL_RCC_MSI_Enable
                0x0000000008004134       0x1e ./Drivers/STM32WBxx_HAL_Driver/Src/stm32wbxx_hal_rcc.o
 .text.LL_RCC_MSI_Disable
                0x0000000008004152       0x1e ./Drivers/STM32WBxx_HAL_Driver/Src/stm32wbxx_hal_rcc.o
 .text.LL_RCC_MSI_IsReady
                0x0000000008004170       0x22 ./Drivers/STM32WBxx_HAL_Driver/Src/stm32wbxx_hal_rcc.o
 .text.LL_RCC_MSI_SetRange
                0x0000000008004192       0x28 ./Drivers/STM32WBxx_HAL_Driver/Src/stm32wbxx_hal_rcc.o
 .text.LL_RCC_MSI_GetRange
                0x00000000080041ba       0x2a ./Drivers/STM32WBxx_HAL_Driver/Src/stm32wbxx_hal_rcc.o
 .text.LL_RCC_MSI_SetCalibTrimming
                0x00000000080041e4       0x2a ./Drivers/STM32WBxx_HAL_Driver/Src/stm32wbxx_hal_rcc.o
 .text.LL_RCC_SetSysClkSource
                0x000000000800420e       0x28 ./Drivers/STM32WBxx_HAL_Driver/Src/stm32wbxx_hal_rcc.o
 .text.LL_RCC_GetSysClkSource
                0x0000000008004236       0x18 ./Drivers/STM32WBxx_HAL_Driver/Src/stm32wbxx_hal_rcc.o
 .text.LL_RCC_SetAHBPrescaler
                0x000000000800424e       0x28 ./Drivers/STM32WBxx_HAL_Driver/Src/stm32wbxx_hal_rcc.o
 .text.LL_C2_RCC_SetAHBPrescaler
                0x0000000008004276       0x2c ./Drivers/STM32WBxx_HAL_Driver/Src/stm32wbxx_hal_rcc.o
 .text.LL_RCC_SetAHB4Prescaler
                0x00000000080042a2       0x2e ./Drivers/STM32WBxx_HAL_Driver/Src/stm32wbxx_hal_rcc.o
 .text.LL_RCC_SetAPB1Prescaler
                0x00000000080042d0       0x28 ./Drivers/STM32WBxx_HAL_Driver/Src/stm32wbxx_hal_rcc.o
 .text.LL_RCC_SetAPB2Prescaler
                0x00000000080042f8       0x28 ./Drivers/STM32WBxx_HAL_Driver/Src/stm32wbxx_hal_rcc.o
 .text.LL_RCC_GetAHBPrescaler
                0x0000000008004320       0x18 ./Drivers/STM32WBxx_HAL_Driver/Src/stm32wbxx_hal_rcc.o
 .text.LL_RCC_GetAHB4Prescaler
                0x0000000008004338       0x1c ./Drivers/STM32WBxx_HAL_Driver/Src/stm32wbxx_hal_rcc.o
 .text.LL_RCC_PLL_Enable
                0x0000000008004354       0x1e ./Drivers/STM32WBxx_HAL_Driver/Src/stm32wbxx_hal_rcc.o
 .text.LL_RCC_PLL_Disable
                0x0000000008004372       0x1e ./Drivers/STM32WBxx_HAL_Driver/Src/stm32wbxx_hal_rcc.o
 .text.LL_RCC_PLL_IsReady
                0x0000000008004390       0x24 ./Drivers/STM32WBxx_HAL_Driver/Src/stm32wbxx_hal_rcc.o
 .text.LL_RCC_PLL_GetN
                0x00000000080043b4       0x1a ./Drivers/STM32WBxx_HAL_Driver/Src/stm32wbxx_hal_rcc.o
 .text.LL_RCC_PLL_GetR
                0x00000000080043ce       0x18 ./Drivers/STM32WBxx_HAL_Driver/Src/stm32wbxx_hal_rcc.o
 .text.LL_RCC_PLL_GetDivider
                0x00000000080043e6       0x18 ./Drivers/STM32WBxx_HAL_Driver/Src/stm32wbxx_hal_rcc.o
 .text.LL_RCC_PLL_GetMainSource
                0x00000000080043fe       0x18 ./Drivers/STM32WBxx_HAL_Driver/Src/stm32wbxx_hal_rcc.o
 .text.LL_RCC_IsActiveFlag_HPRE
                0x0000000008004416       0x24 ./Drivers/STM32WBxx_HAL_Driver/Src/stm32wbxx_hal_rcc.o
 .text.LL_RCC_IsActiveFlag_C2HPRE
                0x000000000800443a       0x26 ./Drivers/STM32WBxx_HAL_Driver/Src/stm32wbxx_hal_rcc.o
 .text.LL_RCC_IsActiveFlag_SHDHPRE
                0x0000000008004460       0x26 ./Drivers/STM32WBxx_HAL_Driver/Src/stm32wbxx_hal_rcc.o
 .text.LL_RCC_IsActiveFlag_PPRE1
                0x0000000008004486       0x24 ./Drivers/STM32WBxx_HAL_Driver/Src/stm32wbxx_hal_rcc.o
 .text.LL_RCC_IsActiveFlag_PPRE2
                0x00000000080044aa       0x24 ./Drivers/STM32WBxx_HAL_Driver/Src/stm32wbxx_hal_rcc.o
 *fill*         0x00000000080044ce        0x2 
 .text.HAL_RCC_OscConfig
                0x00000000080044d0      0x718 ./Drivers/STM32WBxx_HAL_Driver/Src/stm32wbxx_hal_rcc.o
                0x00000000080044d0                HAL_RCC_OscConfig
 .text.HAL_RCC_ClockConfig
                0x0000000008004be8      0x280 ./Drivers/STM32WBxx_HAL_Driver/Src/stm32wbxx_hal_rcc.o
                0x0000000008004be8                HAL_RCC_ClockConfig
 .text.HAL_RCC_GetSysClockFreq
                0x0000000008004e68       0xd8 ./Drivers/STM32WBxx_HAL_Driver/Src/stm32wbxx_hal_rcc.o
                0x0000000008004e68                HAL_RCC_GetSysClockFreq
 .text.HAL_RCC_GetHCLKFreq
                0x0000000008004f40       0x28 ./Drivers/STM32WBxx_HAL_Driver/Src/stm32wbxx_hal_rcc.o
                0x0000000008004f40                HAL_RCC_GetHCLKFreq
 .text.RCC_SetFlashLatencyFromMSIRange
                0x0000000008004f68       0x70 ./Drivers/STM32WBxx_HAL_Driver/Src/stm32wbxx_hal_rcc.o
 .text.RCC_SetFlashLatency
                0x0000000008004fd8      0x100 ./Drivers/STM32WBxx_HAL_Driver/Src/stm32wbxx_hal_rcc.o
 .text.LL_RCC_LSE_IsEnabled
                0x00000000080050d8       0x24 ./Drivers/STM32WBxx_HAL_Driver/Src/stm32wbxx_hal_rcc_ex.o
 .text.LL_RCC_LSE_IsReady
                0x00000000080050fc       0x24 ./Drivers/STM32WBxx_HAL_Driver/Src/stm32wbxx_hal_rcc_ex.o
 .text.LL_RCC_MSI_EnablePLLMode
                0x0000000008005120       0x1e ./Drivers/STM32WBxx_HAL_Driver/Src/stm32wbxx_hal_rcc_ex.o
 .text.LL_RCC_SetRFWKPClockSource
                0x000000000800513e       0x2c ./Drivers/STM32WBxx_HAL_Driver/Src/stm32wbxx_hal_rcc_ex.o
 .text.LL_RCC_SetSMPSClockSource
                0x000000000800516a       0x28 ./Drivers/STM32WBxx_HAL_Driver/Src/stm32wbxx_hal_rcc_ex.o
 .text.LL_RCC_SetSMPSPrescaler
                0x0000000008005192       0x28 ./Drivers/STM32WBxx_HAL_Driver/Src/stm32wbxx_hal_rcc_ex.o
 .text.LL_RCC_SetUSARTClockSource
                0x00000000080051ba       0x2c ./Drivers/STM32WBxx_HAL_Driver/Src/stm32wbxx_hal_rcc_ex.o
 .text.LL_RCC_SetLPUARTClockSource
                0x00000000080051e6       0x2c ./Drivers/STM32WBxx_HAL_Driver/Src/stm32wbxx_hal_rcc_ex.o
 .text.LL_RCC_SetI2CClockSource
                0x0000000008005212       0x3a ./Drivers/STM32WBxx_HAL_Driver/Src/stm32wbxx_hal_rcc_ex.o
 .text.LL_RCC_SetLPTIMClockSource
                0x000000000800524c       0x34 ./Drivers/STM32WBxx_HAL_Driver/Src/stm32wbxx_hal_rcc_ex.o
 .text.LL_RCC_SetSAIClockSource
                0x0000000008005280       0x2c ./Drivers/STM32WBxx_HAL_Driver/Src/stm32wbxx_hal_rcc_ex.o
 .text.LL_RCC_SetRNGClockSource
                0x00000000080052ac       0x2c ./Drivers/STM32WBxx_HAL_Driver/Src/stm32wbxx_hal_rcc_ex.o
 .text.LL_RCC_SetCLK48ClockSource
                0x00000000080052d8       0x2c ./Drivers/STM32WBxx_HAL_Driver/Src/stm32wbxx_hal_rcc_ex.o
 .text.LL_RCC_SetUSBClockSource
                0x0000000008005304       0x16 ./Drivers/STM32WBxx_HAL_Driver/Src/stm32wbxx_hal_rcc_ex.o
 .text.LL_RCC_SetADCClockSource
                0x000000000800531a       0x2c ./Drivers/STM32WBxx_HAL_Driver/Src/stm32wbxx_hal_rcc_ex.o
 .text.LL_RCC_SetRTCClockSource
                0x0000000008005346       0x2c ./Drivers/STM32WBxx_HAL_Driver/Src/stm32wbxx_hal_rcc_ex.o
 .text.LL_RCC_GetRTCClockSource
                0x0000000008005372       0x1a ./Drivers/STM32WBxx_HAL_Driver/Src/stm32wbxx_hal_rcc_ex.o
 .text.LL_RCC_ForceBackupDomainReset
                0x000000000800538c       0x22 ./Drivers/STM32WBxx_HAL_Driver/Src/stm32wbxx_hal_rcc_ex.o
 .text.LL_RCC_ReleaseBackupDomainReset
                0x00000000080053ae       0x22 ./Drivers/STM32WBxx_HAL_Driver/Src/stm32wbxx_hal_rcc_ex.o
 .text.LL_RCC_PLLSAI1_Enable
                0x00000000080053d0       0x1e ./Drivers/STM32WBxx_HAL_Driver/Src/stm32wbxx_hal_rcc_ex.o
 .text.LL_RCC_PLLSAI1_Disable
                0x00000000080053ee       0x1e ./Drivers/STM32WBxx_HAL_Driver/Src/stm32wbxx_hal_rcc_ex.o
 .text.LL_RCC_PLLSAI1_IsReady
                0x000000000800540c       0x24 ./Drivers/STM32WBxx_HAL_Driver/Src/stm32wbxx_hal_rcc_ex.o
 .text.HAL_RCCEx_PeriphCLKConfig
                0x0000000008005430      0x2ec ./Drivers/STM32WBxx_HAL_Driver/Src/stm32wbxx_hal_rcc_ex.o
                0x0000000008005430                HAL_RCCEx_PeriphCLKConfig
 .text.HAL_RCCEx_EnableMSIPLLMode
                0x000000000800571c        0xc ./Drivers/STM32WBxx_HAL_Driver/Src/stm32wbxx_hal_rcc_ex.o
                0x000000000800571c                HAL_RCCEx_EnableMSIPLLMode
 .text.RCCEx_PLLSAI1_ConfigNP
                0x0000000008005728       0xb6 ./Drivers/STM32WBxx_HAL_Driver/Src/stm32wbxx_hal_rcc_ex.o
 .text.RCCEx_PLLSAI1_ConfigNQ
                0x00000000080057de       0xb6 ./Drivers/STM32WBxx_HAL_Driver/Src/stm32wbxx_hal_rcc_ex.o
 .text.RCCEx_PLLSAI1_ConfigNR
                0x0000000008005894       0xb6 ./Drivers/STM32WBxx_HAL_Driver/Src/stm32wbxx_hal_rcc_ex.o
 .text.HAL_SPI_Init
                0x000000000800594a      0x146 ./Drivers/STM32WBxx_HAL_Driver/Src/stm32wbxx_hal_spi.o
                0x000000000800594a                HAL_SPI_Init
 .text.HAL_SPI_Transmit
                0x0000000008005a90      0x2dc ./Drivers/STM32WBxx_HAL_Driver/Src/stm32wbxx_hal_spi.o
                0x0000000008005a90                HAL_SPI_Transmit
 .text.HAL_SPI_Receive
                0x0000000008005d6c      0x260 ./Drivers/STM32WBxx_HAL_Driver/Src/stm32wbxx_hal_spi.o
                0x0000000008005d6c                HAL_SPI_Receive
 .text.HAL_SPI_TransmitReceive
                0x0000000008005fcc      0x426 ./Drivers/STM32WBxx_HAL_Driver/Src/stm32wbxx_hal_spi.o
                0x0000000008005fcc                HAL_SPI_TransmitReceive
 *fill*         0x00000000080063f2        0x2 
 .text.SPI_WaitFlagStateUntilTimeout
                0x00000000080063f4      0x110 ./Drivers/STM32WBxx_HAL_Driver/Src/stm32wbxx_hal_spi.o
 .text.SPI_WaitFifoStateUntilTimeout
                0x0000000008006504      0x12c ./Drivers/STM32WBxx_HAL_Driver/Src/stm32wbxx_hal_spi.o
 .text.SPI_EndRxTransaction
                0x0000000008006630       0xb0 ./Drivers/STM32WBxx_HAL_Driver/Src/stm32wbxx_hal_spi.o
 .text.SPI_EndRxTxTransaction
                0x00000000080066e0       0x8c ./Drivers/STM32WBxx_HAL_Driver/Src/stm32wbxx_hal_spi.o
 .text.HAL_TIM_Encoder_Init
                0x000000000800676c      0x14c ./Drivers/STM32WBxx_HAL_Driver/Src/stm32wbxx_hal_tim.o
                0x000000000800676c                HAL_TIM_Encoder_Init
 .text.HAL_TIM_Encoder_Start
                0x00000000080068b8      0x11c ./Drivers/STM32WBxx_HAL_Driver/Src/stm32wbxx_hal_tim.o
                0x00000000080068b8                HAL_TIM_Encoder_Start
 .text.TIM_Base_SetConfig
                0x00000000080069d4       0xc8 ./Drivers/STM32WBxx_HAL_Driver/Src/stm32wbxx_hal_tim.o
                0x00000000080069d4                TIM_Base_SetConfig
 .text.TIM_CCxChannelCmd
                0x0000000008006a9c       0x4a ./Drivers/STM32WBxx_HAL_Driver/Src/stm32wbxx_hal_tim.o
                0x0000000008006a9c                TIM_CCxChannelCmd
 *fill*         0x0000000008006ae6        0x2 
 .text.HAL_TIMEx_MasterConfigSynchronization
                0x0000000008006ae8       0xc0 ./Drivers/STM32WBxx_HAL_Driver/Src/stm32wbxx_hal_tim_ex.o
                0x0000000008006ae8                HAL_TIMEx_MasterConfigSynchronization
 .text.USB_EnableGlobalInt
                0x0000000008006ba8       0x2e ./Drivers/STM32WBxx_HAL_Driver/Src/stm32wbxx_ll_usb.o
                0x0000000008006ba8                USB_EnableGlobalInt
 .text.USB_DisableGlobalInt
                0x0000000008006bd6       0x36 ./Drivers/STM32WBxx_HAL_Driver/Src/stm32wbxx_ll_usb.o
                0x0000000008006bd6                USB_DisableGlobalInt
 .text.USB_DevInit
                0x0000000008006c0c       0x42 ./Drivers/STM32WBxx_HAL_Driver/Src/stm32wbxx_ll_usb.o
                0x0000000008006c0c                USB_DevInit
 *fill*         0x0000000008006c4e        0x2 
 .text.USB_ActivateEndpoint
                0x0000000008006c50      0x728 ./Drivers/STM32WBxx_HAL_Driver/Src/stm32wbxx_ll_usb.o
                0x0000000008006c50                USB_ActivateEndpoint
 .text.USB_DeactivateEndpoint
                0x0000000008007378      0x3da ./Drivers/STM32WBxx_HAL_Driver/Src/stm32wbxx_ll_usb.o
                0x0000000008007378                USB_DeactivateEndpoint
 .text.USB_EPStartXfer
                0x0000000008007752     0x11a4 ./Drivers/STM32WBxx_HAL_Driver/Src/stm32wbxx_ll_usb.o
                0x0000000008007752                USB_EPStartXfer
 .text.USB_EPSetStall
                0x00000000080088f6       0xa2 ./Drivers/STM32WBxx_HAL_Driver/Src/stm32wbxx_ll_usb.o
                0x00000000080088f6                USB_EPSetStall
 .text.USB_EPClearStall
                0x0000000008008998      0x15c ./Drivers/STM32WBxx_HAL_Driver/Src/stm32wbxx_ll_usb.o
                0x0000000008008998                USB_EPClearStall
 .text.USB_SetDevAddress
                0x0000000008008af4       0x28 ./Drivers/STM32WBxx_HAL_Driver/Src/stm32wbxx_ll_usb.o
                0x0000000008008af4                USB_SetDevAddress
 .text.USB_DevConnect
                0x0000000008008b1c       0x2e ./Drivers/STM32WBxx_HAL_Driver/Src/stm32wbxx_ll_usb.o
                0x0000000008008b1c                USB_DevConnect
 .text.USB_ReadInterrupts
                0x0000000008008b4a       0x20 ./Drivers/STM32WBxx_HAL_Driver/Src/stm32wbxx_ll_usb.o
                0x0000000008008b4a                USB_ReadInterrupts
 .text.USB_WritePMA
                0x0000000008008b6a       0x84 ./Drivers/STM32WBxx_HAL_Driver/Src/stm32wbxx_ll_usb.o
                0x0000000008008b6a                USB_WritePMA
 .text.USB_ReadPMA
                0x0000000008008bee       0x98 ./Drivers/STM32WBxx_HAL_Driver/Src/stm32wbxx_ll_usb.o
                0x0000000008008bee                USB_ReadPMA
 .text.USBD_HID_Init
                0x0000000008008c86       0x66 ./Middlewares/ST/STM32_USB_Device_Library/Class/HID/Src/usbd_hid.o
 .text.USBD_HID_DeInit
                0x0000000008008cec       0x48 ./Middlewares/ST/STM32_USB_Device_Library/Class/HID/Src/usbd_hid.o
 .text.USBD_HID_Setup
                0x0000000008008d34      0x208 ./Middlewares/ST/STM32_USB_Device_Library/Class/HID/Src/usbd_hid.o
 .text.USBD_HID_SendReport
                0x0000000008008f3c       0x50 ./Middlewares/ST/STM32_USB_Device_Library/Class/HID/Src/usbd_hid.o
                0x0000000008008f3c                USBD_HID_SendReport
 .text.USBD_HID_GetFSCfgDesc
                0x0000000008008f8c       0x20 ./Middlewares/ST/STM32_USB_Device_Library/Class/HID/Src/usbd_hid.o
 .text.USBD_HID_GetHSCfgDesc
                0x0000000008008fac       0x20 ./Middlewares/ST/STM32_USB_Device_Library/Class/HID/Src/usbd_hid.o
 .text.USBD_HID_GetOtherSpeedCfgDesc
                0x0000000008008fcc       0x20 ./Middlewares/ST/STM32_USB_Device_Library/Class/HID/Src/usbd_hid.o
 .text.USBD_HID_DataIn
                0x0000000008008fec       0x24 ./Middlewares/ST/STM32_USB_Device_Library/Class/HID/Src/usbd_hid.o
 .text.USBD_HID_GetDeviceQualifierDesc
                0x0000000008009010       0x20 ./Middlewares/ST/STM32_USB_Device_Library/Class/HID/Src/usbd_hid.o
 .text.USBD_Init
                0x0000000008009030       0x60 ./Middlewares/ST/STM32_USB_Device_Library/Core/Src/usbd_core.o
                0x0000000008009030                USBD_Init
 .text.USBD_RegisterClass
                0x0000000008009090       0x4e ./Middlewares/ST/STM32_USB_Device_Library/Core/Src/usbd_core.o
                0x0000000008009090                USBD_RegisterClass
 .text.USBD_Start
                0x00000000080090de       0x18 ./Middlewares/ST/STM32_USB_Device_Library/Core/Src/usbd_core.o
                0x00000000080090de                USBD_Start
 .text.USBD_RunTestMode
                0x00000000080090f6       0x16 ./Middlewares/ST/STM32_USB_Device_Library/Core/Src/usbd_core.o
                0x00000000080090f6                USBD_RunTestMode
 .text.USBD_SetClassConfig
                0x000000000800910c       0x38 ./Middlewares/ST/STM32_USB_Device_Library/Core/Src/usbd_core.o
                0x000000000800910c                USBD_SetClassConfig
 .text.USBD_ClrClassConfig
                0x0000000008009144       0x30 ./Middlewares/ST/STM32_USB_Device_Library/Core/Src/usbd_core.o
                0x0000000008009144                USBD_ClrClassConfig
 .text.USBD_LL_SetupStage
                0x0000000008009174       0xaa ./Middlewares/ST/STM32_USB_Device_Library/Core/Src/usbd_core.o
                0x0000000008009174                USBD_LL_SetupStage
 .text.USBD_LL_DataOutStage
                0x000000000800921e       0xc6 ./Middlewares/ST/STM32_USB_Device_Library/Core/Src/usbd_core.o
                0x000000000800921e                USBD_LL_DataOutStage
 .text.USBD_LL_DataInStage
                0x00000000080092e4      0x12c ./Middlewares/ST/STM32_USB_Device_Library/Core/Src/usbd_core.o
                0x00000000080092e4                USBD_LL_DataInStage
 .text.USBD_LL_Reset
                0x0000000008009410       0x9c ./Middlewares/ST/STM32_USB_Device_Library/Core/Src/usbd_core.o
                0x0000000008009410                USBD_LL_Reset
 .text.USBD_LL_SetSpeed
                0x00000000080094ac       0x20 ./Middlewares/ST/STM32_USB_Device_Library/Core/Src/usbd_core.o
                0x00000000080094ac                USBD_LL_SetSpeed
 .text.USBD_LL_Suspend
                0x00000000080094cc       0x2c ./Middlewares/ST/STM32_USB_Device_Library/Core/Src/usbd_core.o
                0x00000000080094cc                USBD_LL_Suspend
 .text.USBD_LL_Resume
                0x00000000080094f8       0x30 ./Middlewares/ST/STM32_USB_Device_Library/Core/Src/usbd_core.o
                0x00000000080094f8                USBD_LL_Resume
 .text.USBD_LL_SOF
                0x0000000008009528       0x44 ./Middlewares/ST/STM32_USB_Device_Library/Core/Src/usbd_core.o
                0x0000000008009528                USBD_LL_SOF
 .text.SWAPBYTE
                0x000000000800956c       0x3c ./Middlewares/ST/STM32_USB_Device_Library/Core/Src/usbd_ctlreq.o
 .text.USBD_StdDevReq
                0x00000000080095a8       0xdc ./Middlewares/ST/STM32_USB_Device_Library/Core/Src/usbd_ctlreq.o
                0x00000000080095a8                USBD_StdDevReq
 .text.USBD_StdItfReq
                0x0000000008009684       0x92 ./Middlewares/ST/STM32_USB_Device_Library/Core/Src/usbd_ctlreq.o
                0x0000000008009684                USBD_StdItfReq
 .text.USBD_StdEPReq
                0x0000000008009716      0x2c4 ./Middlewares/ST/STM32_USB_Device_Library/Core/Src/usbd_ctlreq.o
                0x0000000008009716                USBD_StdEPReq
 *fill*         0x00000000080099da        0x2 
 .text.USBD_GetDescriptor
                0x00000000080099dc      0x328 ./Middlewares/ST/STM32_USB_Device_Library/Core/Src/usbd_ctlreq.o
 .text.USBD_SetAddress
                0x0000000008009d04       0x88 ./Middlewares/ST/STM32_USB_Device_Library/Core/Src/usbd_ctlreq.o
 .text.USBD_SetConfig
                0x0000000008009d8c      0x14c ./Middlewares/ST/STM32_USB_Device_Library/Core/Src/usbd_ctlreq.o
 .text.USBD_GetConfig
                0x0000000008009ed8       0x6c ./Middlewares/ST/STM32_USB_Device_Library/Core/Src/usbd_ctlreq.o
 .text.USBD_GetStatus
                0x0000000008009f44       0x68 ./Middlewares/ST/STM32_USB_Device_Library/Core/Src/usbd_ctlreq.o
 .text.USBD_SetFeature
                0x0000000008009fac       0x28 ./Middlewares/ST/STM32_USB_Device_Library/Core/Src/usbd_ctlreq.o
 .text.USBD_ClrFeature
                0x0000000008009fd4       0x44 ./Middlewares/ST/STM32_USB_Device_Library/Core/Src/usbd_ctlreq.o
 .text.USBD_ParseSetupRequest
                0x000000000800a018       0x74 ./Middlewares/ST/STM32_USB_Device_Library/Core/Src/usbd_ctlreq.o
                0x000000000800a018                USBD_ParseSetupRequest
 .text.USBD_CtlError
                0x000000000800a08c       0x22 ./Middlewares/ST/STM32_USB_Device_Library/Core/Src/usbd_ctlreq.o
                0x000000000800a08c                USBD_CtlError
 .text.USBD_GetString
                0x000000000800a0ae       0x8c ./Middlewares/ST/STM32_USB_Device_Library/Core/Src/usbd_ctlreq.o
                0x000000000800a0ae                USBD_GetString
 .text.USBD_GetLen
                0x000000000800a13a       0x34 ./Middlewares/ST/STM32_USB_Device_Library/Core/Src/usbd_ctlreq.o
 .text.USBD_CtlSendData
                0x000000000800a16e       0x36 ./Middlewares/ST/STM32_USB_Device_Library/Core/Src/usbd_ioreq.o
                0x000000000800a16e                USBD_CtlSendData
 .text.USBD_CtlContinueSendData
                0x000000000800a1a4       0x22 ./Middlewares/ST/STM32_USB_Device_Library/Core/Src/usbd_ioreq.o
                0x000000000800a1a4                USBD_CtlContinueSendData
 .text.USBD_CtlContinueRx
                0x000000000800a1c6       0x22 ./Middlewares/ST/STM32_USB_Device_Library/Core/Src/usbd_ioreq.o
                0x000000000800a1c6                USBD_CtlContinueRx
 .text.USBD_CtlSendStatus
                0x000000000800a1e8       0x26 ./Middlewares/ST/STM32_USB_Device_Library/Core/Src/usbd_ioreq.o
                0x000000000800a1e8                USBD_CtlSendStatus
 .text.USBD_CtlReceiveStatus
                0x000000000800a20e       0x26 ./Middlewares/ST/STM32_USB_Device_Library/Core/Src/usbd_ioreq.o
                0x000000000800a20e                USBD_CtlReceiveStatus
 .text.MX_USB_Device_Init
                0x000000000800a234       0x4c ./USB_Device/App/usb_device.o
                0x000000000800a234                MX_USB_Device_Init
 .text.USBD_HID_DeviceDescriptor
                0x000000000800a280       0x24 ./USB_Device/App/usbd_desc.o
                0x000000000800a280                USBD_HID_DeviceDescriptor
 .text.USBD_HID_LangIDStrDescriptor
                0x000000000800a2a4       0x24 ./USB_Device/App/usbd_desc.o
                0x000000000800a2a4                USBD_HID_LangIDStrDescriptor
 .text.USBD_HID_ProductStrDescriptor
                0x000000000800a2c8       0x3c ./USB_Device/App/usbd_desc.o
                0x000000000800a2c8                USBD_HID_ProductStrDescriptor
 .text.USBD_HID_ManufacturerStrDescriptor
                0x000000000800a304       0x28 ./USB_Device/App/usbd_desc.o
                0x000000000800a304                USBD_HID_ManufacturerStrDescriptor
 .text.USBD_HID_SerialStrDescriptor
                0x000000000800a32c       0x24 ./USB_Device/App/usbd_desc.o
                0x000000000800a32c                USBD_HID_SerialStrDescriptor
 .text.USBD_HID_ConfigStrDescriptor
                0x000000000800a350       0x3c ./USB_Device/App/usbd_desc.o
                0x000000000800a350                USBD_HID_ConfigStrDescriptor
 .text.USBD_HID_InterfaceStrDescriptor
                0x000000000800a38c       0x3c ./USB_Device/App/usbd_desc.o
                0x000000000800a38c                USBD_HID_InterfaceStrDescriptor
 .text.Get_SerialNum
                0x000000000800a3c8       0x58 ./USB_Device/App/usbd_desc.o
 .text.IntToUnicode
                0x000000000800a420       0x7e ./USB_Device/App/usbd_desc.o
 .text.LL_AHB2_GRP1_EnableClock
                0x000000000800a49e       0x32 ./USB_Device/Target/usbd_conf.o
 .text.LL_APB1_GRP1_EnableClock
                0x000000000800a4d0       0x32 ./USB_Device/Target/usbd_conf.o
 *fill*         0x000000000800a502        0x2 
 .text.HAL_PCD_MspInit
                0x000000000800a504       0xbc ./USB_Device/Target/usbd_conf.o
                0x000000000800a504                HAL_PCD_MspInit
 .text.HAL_PCD_SetupStageCallback
                0x000000000800a5c0       0x24 ./USB_Device/Target/usbd_conf.o
                0x000000000800a5c0                HAL_PCD_SetupStageCallback
 .text.HAL_PCD_DataOutStageCallback
                0x000000000800a5e4       0x36 ./USB_Device/Target/usbd_conf.o
                0x000000000800a5e4                HAL_PCD_DataOutStageCallback
 .text.HAL_PCD_DataInStageCallback
                0x000000000800a61a       0x34 ./USB_Device/Target/usbd_conf.o
                0x000000000800a61a                HAL_PCD_DataInStageCallback
 .text.HAL_PCD_SOFCallback
                0x000000000800a64e       0x1c ./USB_Device/Target/usbd_conf.o
                0x000000000800a64e                HAL_PCD_SOFCallback
 .text.HAL_PCD_ResetCallback
                0x000000000800a66a       0x3c ./USB_Device/Target/usbd_conf.o
                0x000000000800a66a                HAL_PCD_ResetCallback
 *fill*         0x000000000800a6a6        0x2 
 .text.HAL_PCD_SuspendCallback
                0x000000000800a6a8       0x34 ./USB_Device/Target/usbd_conf.o
                0x000000000800a6a8                HAL_PCD_SuspendCallback
 .text.HAL_PCD_ResumeCallback
                0x000000000800a6dc       0x38 ./USB_Device/Target/usbd_conf.o
                0x000000000800a6dc                HAL_PCD_ResumeCallback
 .text.USBD_LL_Init
                0x000000000800a714       0xa0 ./USB_Device/Target/usbd_conf.o
                0x000000000800a714                USBD_LL_Init
 .text.USBD_LL_Start
                0x000000000800a7b4       0x36 ./USB_Device/Target/usbd_conf.o
                0x000000000800a7b4                USBD_LL_Start
 .text.USBD_LL_OpenEP
                0x000000000800a7ea       0x4c ./USB_Device/Target/usbd_conf.o
                0x000000000800a7ea                USBD_LL_OpenEP
 .text.USBD_LL_CloseEP
                0x000000000800a836       0x3e ./USB_Device/Target/usbd_conf.o
                0x000000000800a836                USBD_LL_CloseEP
 .text.USBD_LL_StallEP
                0x000000000800a874       0x3e ./USB_Device/Target/usbd_conf.o
                0x000000000800a874                USBD_LL_StallEP
 .text.USBD_LL_ClearStallEP
                0x000000000800a8b2       0x3e ./USB_Device/Target/usbd_conf.o
                0x000000000800a8b2                USBD_LL_ClearStallEP
 .text.USBD_LL_IsStallEP
                0x000000000800a8f0       0x5a ./USB_Device/Target/usbd_conf.o
                0x000000000800a8f0                USBD_LL_IsStallEP
 .text.USBD_LL_SetUSBAddress
                0x000000000800a94a       0x3e ./USB_Device/Target/usbd_conf.o
                0x000000000800a94a                USBD_LL_SetUSBAddress
 .text.USBD_LL_Transmit
                0x000000000800a988       0x42 ./USB_Device/Target/usbd_conf.o
                0x000000000800a988                USBD_LL_Transmit
 .text.USBD_LL_PrepareReceive
                0x000000000800a9ca       0x42 ./USB_Device/Target/usbd_conf.o
                0x000000000800a9ca                USBD_LL_PrepareReceive
 .text.HAL_PCDEx_LPM_Callback
                0x000000000800aa0c       0x6c ./USB_Device/Target/usbd_conf.o
                0x000000000800aa0c                HAL_PCDEx_LPM_Callback
 .text.USBD_static_malloc
                0x000000000800aa78       0x1c ./USB_Device/Target/usbd_conf.o
                0x000000000800aa78                USBD_static_malloc
 .text.USBD_static_free
                0x000000000800aa94       0x14 ./USB_Device/Target/usbd_conf.o
                0x000000000800aa94                USBD_static_free
 .text.SystemClockConfig_Resume
                0x000000000800aaa8        0xc ./USB_Device/Target/usbd_conf.o
 .text.USBD_Get_USB_Status
                0x000000000800aab4       0x58 ./USB_Device/Target/usbd_conf.o
 .text.__libc_init_array
                0x000000000800ab0c       0x48 c:/st/stm32cubeide_1.4.0/stm32cubeide/plugins/com.st.stm32cube.ide.mcu.externaltools.gnu-tools-for-stm32.9-2020-q2-update.win32_2.0.0.202105311346/tools/bin/../lib/gcc/arm-none-eabi/9.3.1/../../../../arm-none-eabi/lib/thumb/v7e-m+fp/hard\libc_nano.a(lib_a-init.o)
                0x000000000800ab0c                __libc_init_array
 .text.memset   0x000000000800ab54       0x10 c:/st/stm32cubeide_1.4.0/stm32cubeide/plugins/com.st.stm32cube.ide.mcu.externaltools.gnu-tools-for-stm32.9-2020-q2-update.win32_2.0.0.202105311346/tools/bin/../lib/gcc/arm-none-eabi/9.3.1/../../../../arm-none-eabi/lib/thumb/v7e-m+fp/hard\libc_nano.a(lib_a-memset.o)
                0x000000000800ab54                memset
 *(.glue_7)
 .glue_7        0x000000000800ab64        0x0 linker stubs
 *(.glue_7t)
 .glue_7t       0x000000000800ab64        0x0 linker stubs
 *(.eh_frame)
 .eh_frame      0x000000000800ab64        0x0 c:/st/stm32cubeide_1.4.0/stm32cubeide/plugins/com.st.stm32cube.ide.mcu.externaltools.gnu-tools-for-stm32.9-2020-q2-update.win32_2.0.0.202105311346/tools/bin/../lib/gcc/arm-none-eabi/9.3.1/thumb/v7e-m+fp/hard/crtbegin.o
 *(.init)
 .init          0x000000000800ab64        0x4 c:/st/stm32cubeide_1.4.0/stm32cubeide/plugins/com.st.stm32cube.ide.mcu.externaltools.gnu-tools-for-stm32.9-2020-q2-update.win32_2.0.0.202105311346/tools/bin/../lib/gcc/arm-none-eabi/9.3.1/thumb/v7e-m+fp/hard/crti.o
                0x000000000800ab64                _init
 .init          0x000000000800ab68        0x8 c:/st/stm32cubeide_1.4.0/stm32cubeide/plugins/com.st.stm32cube.ide.mcu.externaltools.gnu-tools-for-stm32.9-2020-q2-update.win32_2.0.0.202105311346/tools/bin/../lib/gcc/arm-none-eabi/9.3.1/thumb/v7e-m+fp/hard/crtn.o
 *(.fini)
 .fini          0x000000000800ab70        0x4 c:/st/stm32cubeide_1.4.0/stm32cubeide/plugins/com.st.stm32cube.ide.mcu.externaltools.gnu-tools-for-stm32.9-2020-q2-update.win32_2.0.0.202105311346/tools/bin/../lib/gcc/arm-none-eabi/9.3.1/thumb/v7e-m+fp/hard/crti.o
                0x000000000800ab70                _fini
 .fini          0x000000000800ab74        0x8 c:/st/stm32cubeide_1.4.0/stm32cubeide/plugins/com.st.stm32cube.ide.mcu.externaltools.gnu-tools-for-stm32.9-2020-q2-update.win32_2.0.0.202105311346/tools/bin/../lib/gcc/arm-none-eabi/9.3.1/thumb/v7e-m+fp/hard/crtn.o
                0x000000000800ab7c                . = ALIGN (0x4)
                0x000000000800ab7c                _etext = .

.vfp11_veneer   0x000000000800ab7c        0x0
 .vfp11_veneer  0x000000000800ab7c        0x0 linker stubs

.v4_bx          0x000000000800ab7c        0x0
 .v4_bx         0x000000000800ab7c        0x0 linker stubs

.iplt           0x000000000800ab7c        0x0
 .iplt          0x000000000800ab7c        0x0 c:/st/stm32cubeide_1.4.0/stm32cubeide/plugins/com.st.stm32cube.ide.mcu.externaltools.gnu-tools-for-stm32.9-2020-q2-update.win32_2.0.0.202105311346/tools/bin/../lib/gcc/arm-none-eabi/9.3.1/thumb/v7e-m+fp/hard/crtbegin.o

.rodata         0x000000000800ab7c       0xf4
                0x000000000800ab7c                . = ALIGN (0x4)
 *(.rodata)
 .rodata        0x000000000800ab7c       0x2c ./Drivers/STM32WBxx_HAL_Driver/Src/stm32wbxx_hal_rcc.o
 .rodata        0x000000000800aba8       0x46 ./USB_Device/App/usbd_desc.o
 *(.rodata*)
 *fill*         0x000000000800abee        0x2 
 .rodata.AHBPrescTable
                0x000000000800abf0       0x40 ./Core/Src/system_stm32wbxx.o
                0x000000000800abf0                AHBPrescTable
 .rodata.MSIRangeTable
                0x000000000800ac30       0x40 ./Core/Src/system_stm32wbxx.o
                0x000000000800ac30                MSIRangeTable
                0x000000000800ac70                . = ALIGN (0x4)

.rel.dyn        0x000000000800ac70        0x0
 .rel.iplt      0x000000000800ac70        0x0 c:/st/stm32cubeide_1.4.0/stm32cubeide/plugins/com.st.stm32cube.ide.mcu.externaltools.gnu-tools-for-stm32.9-2020-q2-update.win32_2.0.0.202105311346/tools/bin/../lib/gcc/arm-none-eabi/9.3.1/thumb/v7e-m+fp/hard/crtbegin.o

.ARM.extab
 *(.ARM.extab* .gnu.linkonce.armextab.*)

.ARM            0x000000000800ac70        0x0
                0x000000000800ac70                __exidx_start = .
 *(.ARM.exidx*)
                0x000000000800ac70                __exidx_end = .

.preinit_array  0x000000000800ac70        0x0
                0x000000000800ac70                PROVIDE (__preinit_array_start = .)
 *(.preinit_array*)
                0x000000000800ac70                PROVIDE (__preinit_array_end = .)

.init_array     0x000000000800ac70        0x4
                0x000000000800ac70                PROVIDE (__init_array_start = .)
 *(SORT_BY_NAME(.init_array.*))
 *(.init_array*)
 .init_array    0x000000000800ac70        0x4 c:/st/stm32cubeide_1.4.0/stm32cubeide/plugins/com.st.stm32cube.ide.mcu.externaltools.gnu-tools-for-stm32.9-2020-q2-update.win32_2.0.0.202105311346/tools/bin/../lib/gcc/arm-none-eabi/9.3.1/thumb/v7e-m+fp/hard/crtbegin.o
                0x000000000800ac74                PROVIDE (__init_array_end = .)

.fini_array     0x000000000800ac74        0x4
                [!provide]                        PROVIDE (__fini_array_start = .)
 *(SORT_BY_NAME(.fini_array.*))
 *(.fini_array*)
 .fini_array    0x000000000800ac74        0x4 c:/st/stm32cubeide_1.4.0/stm32cubeide/plugins/com.st.stm32cube.ide.mcu.externaltools.gnu-tools-for-stm32.9-2020-q2-update.win32_2.0.0.202105311346/tools/bin/../lib/gcc/arm-none-eabi/9.3.1/thumb/v7e-m+fp/hard/crtbegin.o
                [!provide]                        PROVIDE (__fini_array_end = .)
                0x000000000800ac78                _sidata = LOADADDR (.data)

.data           0x0000000020000004      0x180 load address 0x000000000800ac78
                0x0000000020000004                . = ALIGN (0x4)
                0x0000000020000004                _sdata = .
 *(.data)
 *(.data*)
 .data.num      0x0000000020000004        0xc ./Common/Src/imu.o
                0x0000000020000004                num
 .data.den      0x0000000020000010        0xc ./Common/Src/imu.o
                0x0000000020000010                den
 .data.SystemCoreClock
                0x000000002000001c        0x4 ./Core/Src/system_stm32wbxx.o
                0x000000002000001c                SystemCoreClock
 .data.uwTickPrio
                0x0000000020000020        0x4 ./Drivers/STM32WBxx_HAL_Driver/Src/stm32wbxx_hal.o
                0x0000000020000020                uwTickPrio
 .data.uwTickFreq
                0x0000000020000024        0x1 ./Drivers/STM32WBxx_HAL_Driver/Src/stm32wbxx_hal.o
                0x0000000020000024                uwTickFreq
 *fill*         0x0000000020000025        0x3 
 .data.USBD_HID
                0x0000000020000028       0x38 ./Middlewares/ST/STM32_USB_Device_Library/Class/HID/Src/usbd_hid.o
                0x0000000020000028                USBD_HID
 .data.USBD_HID_CfgFSDesc
                0x0000000020000060       0x22 ./Middlewares/ST/STM32_USB_Device_Library/Class/HID/Src/usbd_hid.o
 *fill*         0x0000000020000082        0x2 
 .data.USBD_HID_CfgHSDesc
                0x0000000020000084       0x22 ./Middlewares/ST/STM32_USB_Device_Library/Class/HID/Src/usbd_hid.o
 *fill*         0x00000000200000a6        0x2 
 .data.USBD_HID_OtherSpeedCfgDesc
                0x00000000200000a8       0x22 ./Middlewares/ST/STM32_USB_Device_Library/Class/HID/Src/usbd_hid.o
 *fill*         0x00000000200000ca        0x2 
 .data.USBD_HID_Desc
                0x00000000200000cc        0x9 ./Middlewares/ST/STM32_USB_Device_Library/Class/HID/Src/usbd_hid.o
 *fill*         0x00000000200000d5        0x3 
 .data.USBD_HID_DeviceQualifierDesc
                0x00000000200000d8        0xa ./Middlewares/ST/STM32_USB_Device_Library/Class/HID/Src/usbd_hid.o
 *fill*         0x00000000200000e2        0x2 
 .data.HID_MOUSE_ReportDesc
                0x00000000200000e4       0x4a ./Middlewares/ST/STM32_USB_Device_Library/Class/HID/Src/usbd_hid.o
 *fill*         0x000000002000012e        0x2 
 .data.HID_Desc
                0x0000000020000130       0x20 ./USB_Device/App/usbd_desc.o
                0x0000000020000130                HID_Desc
 .data.USBD_HID_DeviceDesc
                0x0000000020000150       0x12 ./USB_Device/App/usbd_desc.o
                0x0000000020000150                USBD_HID_DeviceDesc
 *fill*         0x0000000020000162        0x2 
 .data.USBD_LangIDDesc
                0x0000000020000164        0x4 ./USB_Device/App/usbd_desc.o
                0x0000000020000164                USBD_LangIDDesc
 .data.USBD_StringSerial
                0x0000000020000168       0x1a ./USB_Device/App/usbd_desc.o
                0x0000000020000168                USBD_StringSerial
 *(.RamFunc)
 *(.RamFunc*)
                0x0000000020000184                . = ALIGN (0x4)
 *fill*         0x0000000020000182        0x2 
                0x0000000020000184                _edata = .

.igot.plt       0x0000000020000184        0x0 load address 0x000000000800adf8
 .igot.plt      0x0000000020000184        0x0 c:/st/stm32cubeide_1.4.0/stm32cubeide/plugins/com.st.stm32cube.ide.mcu.externaltools.gnu-tools-for-stm32.9-2020-q2-update.win32_2.0.0.202105311346/tools/bin/../lib/gcc/arm-none-eabi/9.3.1/thumb/v7e-m+fp/hard/crtbegin.o
                0x0000000020000184                . = ALIGN (0x4)

.bss            0x0000000020000188      0x930 load address 0x000000000800adf8
                0x0000000020000188                _sbss = .
                0x0000000020000188                __bss_start__ = _sbss
 *(.bss)
 .bss           0x0000000020000188       0x1c c:/st/stm32cubeide_1.4.0/stm32cubeide/plugins/com.st.stm32cube.ide.mcu.externaltools.gnu-tools-for-stm32.9-2020-q2-update.win32_2.0.0.202105311346/tools/bin/../lib/gcc/arm-none-eabi/9.3.1/thumb/v7e-m+fp/hard/crtbegin.o
 *(.bss*)
 .bss.left_down
                0x00000000200001a4        0x1 ./Common/Src/buttons.o
                0x00000000200001a4                left_down
 .bss.middle_down
                0x00000000200001a5        0x1 ./Common/Src/buttons.o
                0x00000000200001a5                middle_down
 .bss.right_down
                0x00000000200001a6        0x1 ./Common/Src/buttons.o
                0x00000000200001a6                right_down
 .bss.b4_down   0x00000000200001a7        0x1 ./Common/Src/buttons.o
                0x00000000200001a7                b4_down
 .bss.b5_down   0x00000000200001a8        0x1 ./Common/Src/buttons.o
                0x00000000200001a8                b5_down
 *fill*         0x00000000200001a9        0x3 
 .bss.x_r       0x00000000200001ac        0x6 ./Common/Src/imu.o
                0x00000000200001ac                x_r
 *fill*         0x00000000200001b2        0x2 
 .bss.x_f       0x00000000200001b4        0x6 ./Common/Src/imu.o
                0x00000000200001b4                x_f
 *fill*         0x00000000200001ba        0x2 
 .bss.y_r       0x00000000200001bc        0x6 ./Common/Src/imu.o
                0x00000000200001bc                y_r
 *fill*         0x00000000200001c2        0x2 
 .bss.y_f       0x00000000200001c4        0x6 ./Common/Src/imu.o
                0x00000000200001c4                y_f
 *fill*         0x00000000200001ca        0x2 
 .bss.z_r       0x00000000200001cc        0x6 ./Common/Src/imu.o
                0x00000000200001cc                z_r
 *fill*         0x00000000200001d2        0x2 
 .bss.z_f       0x00000000200001d4        0x6 ./Common/Src/imu.o
                0x00000000200001d4                z_f
 .bss.i         0x00000000200001da        0x1 ./Common/Src/move.o
                0x00000000200001da                i
 *fill*         0x00000000200001db        0x5 
 .bss.avg_x     0x00000000200001e0        0x8 ./Common/Src/move.o
                0x00000000200001e0                avg_x
 .bss.avg_y     0x00000000200001e8        0x8 ./Common/Src/move.o
                0x00000000200001e8                avg_y
 .bss.prev_x    0x00000000200001f0       0x14 ./Common/Src/move.o
                0x00000000200001f0                prev_x
 .bss.prev_y    0x0000000020000204       0x14 ./Common/Src/move.o
                0x0000000020000204                prev_y
 .bss.encoder_prev
                0x0000000020000218        0x4 ./Common/Src/wheel.o
                0x0000000020000218                encoder_prev
 .bss.cfgidx.13355
                0x000000002000021c        0x1 ./Middlewares/ST/STM32_USB_Device_Library/Core/Src/usbd_ctlreq.o
 *fill*         0x000000002000021d        0x3 
 .bss.mem.13402
                0x0000000020000220       0x14 ./USB_Device/Target/usbd_conf.o
 *(COMMON)
 COMMON         0x0000000020000234        0x6 ./Common/Src/move.o
                0x0000000020000234                accel
 *fill*         0x000000002000023a        0x2 
 COMMON         0x000000002000023c        0x4 ./Core/Src/main.o
                0x000000002000023c                report
 COMMON         0x0000000020000240       0x64 ./Core/Src/spi.o
                0x0000000020000240                hspi1
 COMMON         0x00000000200002a4       0x4c ./Core/Src/tim.o
                0x00000000200002a4                htim1
 COMMON         0x00000000200002f0        0x4 ./Drivers/STM32WBxx_HAL_Driver/Src/stm32wbxx_hal.o
                0x00000000200002f0                uwTick
 COMMON         0x00000000200002f4      0x2d0 ./USB_Device/App/usb_device.o
                0x00000000200002f4                hUsbDeviceFS
 COMMON         0x00000000200005c4      0x200 ./USB_Device/App/usbd_desc.o
                0x00000000200005c4                USBD_StrDesc
 COMMON         0x00000000200007c4      0x2f4 ./USB_Device/Target/usbd_conf.o
                0x00000000200007c4                hpcd_USB_FS
                0x0000000020000ab8                . = ALIGN (0x4)
                0x0000000020000ab8                _ebss = .
                0x0000000020000ab8                __bss_end__ = _ebss

._user_heap_stack
                0x0000000020000ab8      0x600 load address 0x000000000800adf8
                0x0000000020000ab8                . = ALIGN (0x8)
                [!provide]                        PROVIDE (end = .)
                0x0000000020000ab8                PROVIDE (_end = .)
                0x0000000020000cb8                . = (. + _Min_Heap_Size)
 *fill*         0x0000000020000ab8      0x200 
                0x00000000200010b8                . = (. + _Min_Stack_Size)
 *fill*         0x0000000020000cb8      0x400 
                0x00000000200010b8                . = ALIGN (0x8)

/DISCARD/
 libc.a(*)
 libm.a(*)
 libgcc.a(*)

.ARM.attributes
                0x0000000000000000       0x30
 *(.ARM.attributes)
 .ARM.attributes
                0x0000000000000000       0x1e c:/st/stm32cubeide_1.4.0/stm32cubeide/plugins/com.st.stm32cube.ide.mcu.externaltools.gnu-tools-for-stm32.9-2020-q2-update.win32_2.0.0.202105311346/tools/bin/../lib/gcc/arm-none-eabi/9.3.1/thumb/v7e-m+fp/hard/crti.o
 .ARM.attributes
                0x000000000000001e       0x34 c:/st/stm32cubeide_1.4.0/stm32cubeide/plugins/com.st.stm32cube.ide.mcu.externaltools.gnu-tools-for-stm32.9-2020-q2-update.win32_2.0.0.202105311346/tools/bin/../lib/gcc/arm-none-eabi/9.3.1/thumb/v7e-m+fp/hard/crtbegin.o
 .ARM.attributes
                0x0000000000000052       0x34 ./Common/Src/buttons.o
 .ARM.attributes
                0x0000000000000086       0x34 ./Common/Src/imu.o
 .ARM.attributes
                0x00000000000000ba       0x34 ./Common/Src/move.o
 .ARM.attributes
                0x00000000000000ee       0x34 ./Common/Src/wheel.o
 .ARM.attributes
                0x0000000000000122       0x34 ./Core/Src/gpio.o
 .ARM.attributes
                0x0000000000000156       0x34 ./Core/Src/main.o
 .ARM.attributes
                0x000000000000018a       0x34 ./Core/Src/spi.o
 .ARM.attributes
                0x00000000000001be       0x34 ./Core/Src/stm32wbxx_hal_msp.o
 .ARM.attributes
                0x00000000000001f2       0x34 ./Core/Src/stm32wbxx_it.o
 .ARM.attributes
                0x0000000000000226       0x34 ./Core/Src/system_stm32wbxx.o
 .ARM.attributes
                0x000000000000025a       0x34 ./Core/Src/tim.o
 .ARM.attributes
                0x000000000000028e       0x21 ./Core/Startup/startup_stm32wb35ceuxa.o
 .ARM.attributes
                0x00000000000002af       0x34 ./Drivers/STM32WBxx_HAL_Driver/Src/stm32wbxx_hal.o
 .ARM.attributes
                0x00000000000002e3       0x34 ./Drivers/STM32WBxx_HAL_Driver/Src/stm32wbxx_hal_cortex.o
 .ARM.attributes
                0x0000000000000317       0x34 ./Drivers/STM32WBxx_HAL_Driver/Src/stm32wbxx_hal_gpio.o
 .ARM.attributes
                0x000000000000034b       0x34 ./Drivers/STM32WBxx_HAL_Driver/Src/stm32wbxx_hal_pcd.o
 .ARM.attributes
                0x000000000000037f       0x34 ./Drivers/STM32WBxx_HAL_Driver/Src/stm32wbxx_hal_pcd_ex.o
 .ARM.attributes
                0x00000000000003b3       0x34 ./Drivers/STM32WBxx_HAL_Driver/Src/stm32wbxx_hal_pwr.o
 .ARM.attributes
                0x00000000000003e7       0x34 ./Drivers/STM32WBxx_HAL_Driver/Src/stm32wbxx_hal_pwr_ex.o
 .ARM.attributes
                0x000000000000041b       0x34 ./Drivers/STM32WBxx_HAL_Driver/Src/stm32wbxx_hal_rcc.o
 .ARM.attributes
                0x000000000000044f       0x34 ./Drivers/STM32WBxx_HAL_Driver/Src/stm32wbxx_hal_rcc_ex.o
 .ARM.attributes
                0x0000000000000483       0x34 ./Drivers/STM32WBxx_HAL_Driver/Src/stm32wbxx_hal_spi.o
 .ARM.attributes
                0x00000000000004b7       0x34 ./Drivers/STM32WBxx_HAL_Driver/Src/stm32wbxx_hal_tim.o
 .ARM.attributes
                0x00000000000004eb       0x34 ./Drivers/STM32WBxx_HAL_Driver/Src/stm32wbxx_hal_tim_ex.o
 .ARM.attributes
                0x000000000000051f       0x34 ./Drivers/STM32WBxx_HAL_Driver/Src/stm32wbxx_ll_usb.o
 .ARM.attributes
                0x0000000000000553       0x34 ./Middlewares/ST/STM32_USB_Device_Library/Class/HID/Src/usbd_hid.o
 .ARM.attributes
                0x0000000000000587       0x34 ./Middlewares/ST/STM32_USB_Device_Library/Core/Src/usbd_core.o
 .ARM.attributes
                0x00000000000005bb       0x34 ./Middlewares/ST/STM32_USB_Device_Library/Core/Src/usbd_ctlreq.o
 .ARM.attributes
                0x00000000000005ef       0x34 ./Middlewares/ST/STM32_USB_Device_Library/Core/Src/usbd_ioreq.o
 .ARM.attributes
                0x0000000000000623       0x34 ./USB_Device/App/usb_device.o
 .ARM.attributes
                0x0000000000000657       0x34 ./USB_Device/App/usbd_desc.o
 .ARM.attributes
                0x000000000000068b       0x34 ./USB_Device/Target/usbd_conf.o
 .ARM.attributes
                0x00000000000006bf       0x34 c:/st/stm32cubeide_1.4.0/stm32cubeide/plugins/com.st.stm32cube.ide.mcu.externaltools.gnu-tools-for-stm32.9-2020-q2-update.win32_2.0.0.202105311346/tools/bin/../lib/gcc/arm-none-eabi/9.3.1/../../../../arm-none-eabi/lib/thumb/v7e-m+fp/hard\libc_nano.a(lib_a-init.o)
 .ARM.attributes
                0x00000000000006f3       0x34 c:/st/stm32cubeide_1.4.0/stm32cubeide/plugins/com.st.stm32cube.ide.mcu.externaltools.gnu-tools-for-stm32.9-2020-q2-update.win32_2.0.0.202105311346/tools/bin/../lib/gcc/arm-none-eabi/9.3.1/../../../../arm-none-eabi/lib/thumb/v7e-m+fp/hard\libc_nano.a(lib_a-memset.o)
 .ARM.attributes
                0x0000000000000727       0x1e c:/st/stm32cubeide_1.4.0/stm32cubeide/plugins/com.st.stm32cube.ide.mcu.externaltools.gnu-tools-for-stm32.9-2020-q2-update.win32_2.0.0.202105311346/tools/bin/../lib/gcc/arm-none-eabi/9.3.1/thumb/v7e-m+fp/hard\libgcc.a(_arm_addsubdf3.o)
 .ARM.attributes
                0x0000000000000745       0x1e c:/st/stm32cubeide_1.4.0/stm32cubeide/plugins/com.st.stm32cube.ide.mcu.externaltools.gnu-tools-for-stm32.9-2020-q2-update.win32_2.0.0.202105311346/tools/bin/../lib/gcc/arm-none-eabi/9.3.1/thumb/v7e-m+fp/hard\libgcc.a(_arm_muldivdf3.o)
 .ARM.attributes
                0x0000000000000763       0x1e c:/st/stm32cubeide_1.4.0/stm32cubeide/plugins/com.st.stm32cube.ide.mcu.externaltools.gnu-tools-for-stm32.9-2020-q2-update.win32_2.0.0.202105311346/tools/bin/../lib/gcc/arm-none-eabi/9.3.1/thumb/v7e-m+fp/hard\libgcc.a(_arm_cmpdf2.o)
 .ARM.attributes
                0x0000000000000781       0x1e c:/st/stm32cubeide_1.4.0/stm32cubeide/plugins/com.st.stm32cube.ide.mcu.externaltools.gnu-tools-for-stm32.9-2020-q2-update.win32_2.0.0.202105311346/tools/bin/../lib/gcc/arm-none-eabi/9.3.1/thumb/v7e-m+fp/hard\libgcc.a(_arm_fixdfsi.o)
 .ARM.attributes
                0x000000000000079f       0x1e c:/st/stm32cubeide_1.4.0/stm32cubeide/plugins/com.st.stm32cube.ide.mcu.externaltools.gnu-tools-for-stm32.9-2020-q2-update.win32_2.0.0.202105311346/tools/bin/../lib/gcc/arm-none-eabi/9.3.1/thumb/v7e-m+fp/hard/crtn.o

MAPPING_TABLE
 *(MAPPING_TABLE)

MB_MEM1
 *(MB_MEM1)

MB_MEM2         0x0000000020030000        0x0
                0x0000000020030000                _sMB_MEM2 = .
 *(MB_MEM2)
                0x0000000020030000                _eMB_MEM2 = .
OUTPUT(rvp.elf elf32-littlearm)
LOAD linker stubs
LOAD c:/st/stm32cubeide_1.4.0/stm32cubeide/plugins/com.st.stm32cube.ide.mcu.externaltools.gnu-tools-for-stm32.9-2020-q2-update.win32_2.0.0.202105311346/tools/bin/../lib/gcc/arm-none-eabi/9.3.1/../../../../arm-none-eabi/lib/thumb/v7e-m+fp/hard\libc.a
LOAD c:/st/stm32cubeide_1.4.0/stm32cubeide/plugins/com.st.stm32cube.ide.mcu.externaltools.gnu-tools-for-stm32.9-2020-q2-update.win32_2.0.0.202105311346/tools/bin/../lib/gcc/arm-none-eabi/9.3.1/../../../../arm-none-eabi/lib/thumb/v7e-m+fp/hard\libm.a
LOAD c:/st/stm32cubeide_1.4.0/stm32cubeide/plugins/com.st.stm32cube.ide.mcu.externaltools.gnu-tools-for-stm32.9-2020-q2-update.win32_2.0.0.202105311346/tools/bin/../lib/gcc/arm-none-eabi/9.3.1/thumb/v7e-m+fp/hard\libgcc.a

.debug_info     0x0000000000000000    0x235b7
 .debug_info    0x0000000000000000      0x3b3 ./Common/Src/buttons.o
 .debug_info    0x00000000000003b3     0x15d0 ./Common/Src/imu.o
 .debug_info    0x0000000000001983     0x12dd ./Common/Src/move.o
 .debug_info    0x0000000000002c60      0x304 ./Common/Src/wheel.o
 .debug_info    0x0000000000002f64      0x757 ./Core/Src/gpio.o
 .debug_info    0x00000000000036bb     0x1fdb ./Core/Src/main.o
 .debug_info    0x0000000000005696      0xe1d ./Core/Src/spi.o
 .debug_info    0x00000000000064b3      0x3f5 ./Core/Src/stm32wbxx_hal_msp.o
 .debug_info    0x00000000000068a8      0x7ff ./Core/Src/stm32wbxx_it.o
 .debug_info    0x00000000000070a7      0x85d ./Core/Src/system_stm32wbxx.o
 .debug_info    0x0000000000007904     0x101a ./Core/Src/tim.o
 .debug_info    0x000000000000891e       0x22 ./Core/Startup/startup_stm32wb35ceuxa.o
 .debug_info    0x0000000000008940     0x144f ./Drivers/STM32WBxx_HAL_Driver/Src/stm32wbxx_hal.o
 .debug_info    0x0000000000009d8f      0xeb9 ./Drivers/STM32WBxx_HAL_Driver/Src/stm32wbxx_hal_cortex.o
 .debug_info    0x000000000000ac48      0x891 ./Drivers/STM32WBxx_HAL_Driver/Src/stm32wbxx_hal_gpio.o
 .debug_info    0x000000000000b4d9     0x1633 ./Drivers/STM32WBxx_HAL_Driver/Src/stm32wbxx_hal_pcd.o
 .debug_info    0x000000000000cb0c      0x9eb ./Drivers/STM32WBxx_HAL_Driver/Src/stm32wbxx_hal_pcd_ex.o
 .debug_info    0x000000000000d4f7      0xaa1 ./Drivers/STM32WBxx_HAL_Driver/Src/stm32wbxx_hal_pwr.o
 .debug_info    0x000000000000df98     0x1259 ./Drivers/STM32WBxx_HAL_Driver/Src/stm32wbxx_hal_pwr_ex.o
 .debug_info    0x000000000000f1f1     0x16c2 ./Drivers/STM32WBxx_HAL_Driver/Src/stm32wbxx_hal_rcc.o
 .debug_info    0x00000000000108b3     0x1e4b ./Drivers/STM32WBxx_HAL_Driver/Src/stm32wbxx_hal_rcc_ex.o
 .debug_info    0x00000000000126fe     0x19b7 ./Drivers/STM32WBxx_HAL_Driver/Src/stm32wbxx_hal_spi.o
 .debug_info    0x00000000000140b5     0x2ed5 ./Drivers/STM32WBxx_HAL_Driver/Src/stm32wbxx_hal_tim.o
 .debug_info    0x0000000000016f8a     0x1a04 ./Drivers/STM32WBxx_HAL_Driver/Src/stm32wbxx_hal_tim_ex.o
 .debug_info    0x000000000001898e     0x181c ./Drivers/STM32WBxx_HAL_Driver/Src/stm32wbxx_ll_usb.o
 .debug_info    0x000000000001a1aa     0x13a2 ./Middlewares/ST/STM32_USB_Device_Library/Class/HID/Src/usbd_hid.o
 .debug_info    0x000000000001b54c     0x1483 ./Middlewares/ST/STM32_USB_Device_Library/Core/Src/usbd_core.o
 .debug_info    0x000000000001c9cf     0x144f ./Middlewares/ST/STM32_USB_Device_Library/Core/Src/usbd_ctlreq.o
 .debug_info    0x000000000001de1e     0x1171 ./Middlewares/ST/STM32_USB_Device_Library/Core/Src/usbd_ioreq.o
 .debug_info    0x000000000001ef8f      0xffa ./USB_Device/App/usb_device.o
 .debug_info    0x000000000001ff89      0xecd ./USB_Device/App/usbd_desc.o
 .debug_info    0x0000000000020e56     0x2761 ./USB_Device/Target/usbd_conf.o

.debug_abbrev   0x0000000000000000     0x4850
 .debug_abbrev  0x0000000000000000      0x125 ./Common/Src/buttons.o
 .debug_abbrev  0x0000000000000125      0x309 ./Common/Src/imu.o
 .debug_abbrev  0x000000000000042e      0x281 ./Common/Src/move.o
 .debug_abbrev  0x00000000000006af      0x12d ./Common/Src/wheel.o
 .debug_abbrev  0x00000000000007dc      0x196 ./Core/Src/gpio.o
 .debug_abbrev  0x0000000000000972      0x2ba ./Core/Src/main.o
 .debug_abbrev  0x0000000000000c2c      0x21b ./Core/Src/spi.o
 .debug_abbrev  0x0000000000000e47       0xe1 ./Core/Src/stm32wbxx_hal_msp.o
 .debug_abbrev  0x0000000000000f28      0x173 ./Core/Src/stm32wbxx_it.o
 .debug_abbrev  0x000000000000109b      0x185 ./Core/Src/system_stm32wbxx.o
 .debug_abbrev  0x0000000000001220      0x214 ./Core/Src/tim.o
 .debug_abbrev  0x0000000000001434       0x12 ./Core/Startup/startup_stm32wb35ceuxa.o
 .debug_abbrev  0x0000000000001446      0x321 ./Drivers/STM32WBxx_HAL_Driver/Src/stm32wbxx_hal.o
 .debug_abbrev  0x0000000000001767      0x333 ./Drivers/STM32WBxx_HAL_Driver/Src/stm32wbxx_hal_cortex.o
 .debug_abbrev  0x0000000000001a9a      0x1ff ./Drivers/STM32WBxx_HAL_Driver/Src/stm32wbxx_hal_gpio.o
 .debug_abbrev  0x0000000000001c99      0x29e ./Drivers/STM32WBxx_HAL_Driver/Src/stm32wbxx_hal_pcd.o
 .debug_abbrev  0x0000000000001f37      0x219 ./Drivers/STM32WBxx_HAL_Driver/Src/stm32wbxx_hal_pcd_ex.o
 .debug_abbrev  0x0000000000002150      0x1dd ./Drivers/STM32WBxx_HAL_Driver/Src/stm32wbxx_hal_pwr.o
 .debug_abbrev  0x000000000000232d      0x314 ./Drivers/STM32WBxx_HAL_Driver/Src/stm32wbxx_hal_pwr_ex.o
 .debug_abbrev  0x0000000000002641      0x29a ./Drivers/STM32WBxx_HAL_Driver/Src/stm32wbxx_hal_rcc.o
 .debug_abbrev  0x00000000000028db      0x319 ./Drivers/STM32WBxx_HAL_Driver/Src/stm32wbxx_hal_rcc_ex.o
 .debug_abbrev  0x0000000000002bf4      0x254 ./Drivers/STM32WBxx_HAL_Driver/Src/stm32wbxx_hal_spi.o
 .debug_abbrev  0x0000000000002e48      0x25e ./Drivers/STM32WBxx_HAL_Driver/Src/stm32wbxx_hal_tim.o
 .debug_abbrev  0x00000000000030a6      0x266 ./Drivers/STM32WBxx_HAL_Driver/Src/stm32wbxx_hal_tim_ex.o
 .debug_abbrev  0x000000000000330c      0x25c ./Drivers/STM32WBxx_HAL_Driver/Src/stm32wbxx_ll_usb.o
 .debug_abbrev  0x0000000000003568      0x2d7 ./Middlewares/ST/STM32_USB_Device_Library/Class/HID/Src/usbd_hid.o
 .debug_abbrev  0x000000000000383f      0x2b7 ./Middlewares/ST/STM32_USB_Device_Library/Core/Src/usbd_core.o
 .debug_abbrev  0x0000000000003af6      0x2fc ./Middlewares/ST/STM32_USB_Device_Library/Core/Src/usbd_ctlreq.o
 .debug_abbrev  0x0000000000003df2      0x22a ./Middlewares/ST/STM32_USB_Device_Library/Core/Src/usbd_ioreq.o
 .debug_abbrev  0x000000000000401c      0x1f7 ./USB_Device/App/usb_device.o
 .debug_abbrev  0x0000000000004213      0x2d9 ./USB_Device/App/usbd_desc.o
 .debug_abbrev  0x00000000000044ec      0x364 ./USB_Device/Target/usbd_conf.o

.debug_aranges  0x0000000000000000     0x1d20
 .debug_aranges
                0x0000000000000000       0x20 ./Common/Src/buttons.o
 .debug_aranges
                0x0000000000000020       0x58 ./Common/Src/imu.o
 .debug_aranges
                0x0000000000000078       0x20 ./Common/Src/move.o
 .debug_aranges
                0x0000000000000098       0x28 ./Common/Src/wheel.o
 .debug_aranges
                0x00000000000000c0       0x28 ./Core/Src/gpio.o
 .debug_aranges
                0x00000000000000e8       0x38 ./Core/Src/main.o
 .debug_aranges
                0x0000000000000120       0x48 ./Core/Src/spi.o
 .debug_aranges
                0x0000000000000168       0x20 ./Core/Src/stm32wbxx_hal_msp.o
 .debug_aranges
                0x0000000000000188       0x68 ./Core/Src/stm32wbxx_it.o
 .debug_aranges
                0x00000000000001f0       0x28 ./Core/Src/system_stm32wbxx.o
 .debug_aranges
                0x0000000000000218       0x48 ./Core/Src/tim.o
 .debug_aranges
                0x0000000000000260       0x30 ./Core/Startup/startup_stm32wb35ceuxa.o
 .debug_aranges
                0x0000000000000290      0x280 ./Drivers/STM32WBxx_HAL_Driver/Src/stm32wbxx_hal.o
 .debug_aranges
                0x0000000000000510      0x108 ./Drivers/STM32WBxx_HAL_Driver/Src/stm32wbxx_hal_cortex.o
 .debug_aranges
                0x0000000000000618       0x58 ./Drivers/STM32WBxx_HAL_Driver/Src/stm32wbxx_hal_gpio.o
 .debug_aranges
                0x0000000000000670      0x130 ./Drivers/STM32WBxx_HAL_Driver/Src/stm32wbxx_hal_pcd.o
 .debug_aranges
                0x00000000000007a0       0x58 ./Drivers/STM32WBxx_HAL_Driver/Src/stm32wbxx_hal_pcd_ex.o
 .debug_aranges
                0x00000000000007f8       0xd0 ./Drivers/STM32WBxx_HAL_Driver/Src/stm32wbxx_hal_pwr.o
 .debug_aranges
                0x00000000000008c8      0x288 ./Drivers/STM32WBxx_HAL_Driver/Src/stm32wbxx_hal_pwr_ex.o
 .debug_aranges
                0x0000000000000b50      0x290 ./Drivers/STM32WBxx_HAL_Driver/Src/stm32wbxx_hal_rcc.o
 .debug_aranges
                0x0000000000000de0      0x390 ./Drivers/STM32WBxx_HAL_Driver/Src/stm32wbxx_hal_rcc_ex.o
 .debug_aranges
                0x0000000000001170      0x1d8 ./Drivers/STM32WBxx_HAL_Driver/Src/stm32wbxx_hal_spi.o
 .debug_aranges
                0x0000000000001348      0x3e0 ./Drivers/STM32WBxx_HAL_Driver/Src/stm32wbxx_hal_tim.o
 .debug_aranges
                0x0000000000001728      0x190 ./Drivers/STM32WBxx_HAL_Driver/Src/stm32wbxx_hal_tim_ex.o
 .debug_aranges
                0x00000000000018b8       0xb0 ./Drivers/STM32WBxx_HAL_Driver/Src/stm32wbxx_ll_usb.o
 .debug_aranges
                0x0000000000001968       0x68 ./Middlewares/ST/STM32_USB_Device_Library/Class/HID/Src/usbd_hid.o
 .debug_aranges
                0x00000000000019d0       0xb8 ./Middlewares/ST/STM32_USB_Device_Library/Core/Src/usbd_core.o
 .debug_aranges
                0x0000000000001a88       0x90 ./Middlewares/ST/STM32_USB_Device_Library/Core/Src/usbd_ctlreq.o
 .debug_aranges
                0x0000000000001b18       0x50 ./Middlewares/ST/STM32_USB_Device_Library/Core/Src/usbd_ioreq.o
 .debug_aranges
                0x0000000000001b68       0x20 ./USB_Device/App/usb_device.o
 .debug_aranges
                0x0000000000001b88       0x60 ./USB_Device/App/usbd_desc.o
 .debug_aranges
                0x0000000000001be8      0x138 ./USB_Device/Target/usbd_conf.o

.debug_ranges   0x0000000000000000     0x1b40
 .debug_ranges  0x0000000000000000       0x10 ./Common/Src/buttons.o
 .debug_ranges  0x0000000000000010       0x60 ./Common/Src/imu.o
 .debug_ranges  0x0000000000000070       0x10 ./Common/Src/move.o
 .debug_ranges  0x0000000000000080       0x18 ./Common/Src/wheel.o
 .debug_ranges  0x0000000000000098       0x18 ./Core/Src/gpio.o
 .debug_ranges  0x00000000000000b0       0x28 ./Core/Src/main.o
 .debug_ranges  0x00000000000000d8       0x38 ./Core/Src/spi.o
 .debug_ranges  0x0000000000000110       0x10 ./Core/Src/stm32wbxx_hal_msp.o
 .debug_ranges  0x0000000000000120       0x58 ./Core/Src/stm32wbxx_it.o
 .debug_ranges  0x0000000000000178       0x18 ./Core/Src/system_stm32wbxx.o
 .debug_ranges  0x0000000000000190       0x38 ./Core/Src/tim.o
 .debug_ranges  0x00000000000001c8       0x28 ./Core/Startup/startup_stm32wb35ceuxa.o
 .debug_ranges  0x00000000000001f0      0x270 ./Drivers/STM32WBxx_HAL_Driver/Src/stm32wbxx_hal.o
 .debug_ranges  0x0000000000000460       0xf8 ./Drivers/STM32WBxx_HAL_Driver/Src/stm32wbxx_hal_cortex.o
 .debug_ranges  0x0000000000000558       0x48 ./Drivers/STM32WBxx_HAL_Driver/Src/stm32wbxx_hal_gpio.o
 .debug_ranges  0x00000000000005a0      0x120 ./Drivers/STM32WBxx_HAL_Driver/Src/stm32wbxx_hal_pcd.o
 .debug_ranges  0x00000000000006c0       0x48 ./Drivers/STM32WBxx_HAL_Driver/Src/stm32wbxx_hal_pcd_ex.o
 .debug_ranges  0x0000000000000708       0xc0 ./Drivers/STM32WBxx_HAL_Driver/Src/stm32wbxx_hal_pwr.o
 .debug_ranges  0x00000000000007c8      0x278 ./Drivers/STM32WBxx_HAL_Driver/Src/stm32wbxx_hal_pwr_ex.o
 .debug_ranges  0x0000000000000a40      0x280 ./Drivers/STM32WBxx_HAL_Driver/Src/stm32wbxx_hal_rcc.o
 .debug_ranges  0x0000000000000cc0      0x380 ./Drivers/STM32WBxx_HAL_Driver/Src/stm32wbxx_hal_rcc_ex.o
 .debug_ranges  0x0000000000001040      0x1c8 ./Drivers/STM32WBxx_HAL_Driver/Src/stm32wbxx_hal_spi.o
 .debug_ranges  0x0000000000001208      0x3d0 ./Drivers/STM32WBxx_HAL_Driver/Src/stm32wbxx_hal_tim.o
 .debug_ranges  0x00000000000015d8      0x180 ./Drivers/STM32WBxx_HAL_Driver/Src/stm32wbxx_hal_tim_ex.o
 .debug_ranges  0x0000000000001758       0xa0 ./Drivers/STM32WBxx_HAL_Driver/Src/stm32wbxx_ll_usb.o
 .debug_ranges  0x00000000000017f8       0x58 ./Middlewares/ST/STM32_USB_Device_Library/Class/HID/Src/usbd_hid.o
 .debug_ranges  0x0000000000001850       0xa8 ./Middlewares/ST/STM32_USB_Device_Library/Core/Src/usbd_core.o
 .debug_ranges  0x00000000000018f8       0x80 ./Middlewares/ST/STM32_USB_Device_Library/Core/Src/usbd_ctlreq.o
 .debug_ranges  0x0000000000001978       0x40 ./Middlewares/ST/STM32_USB_Device_Library/Core/Src/usbd_ioreq.o
 .debug_ranges  0x00000000000019b8       0x10 ./USB_Device/App/usb_device.o
 .debug_ranges  0x00000000000019c8       0x50 ./USB_Device/App/usbd_desc.o
 .debug_ranges  0x0000000000001a18      0x128 ./USB_Device/Target/usbd_conf.o

.debug_macro    0x0000000000000000    0x24ae8
 .debug_macro   0x0000000000000000      0x264 ./Common/Src/buttons.o
 .debug_macro   0x0000000000000264      0xaa8 ./Common/Src/buttons.o
 .debug_macro   0x0000000000000d0c      0x136 ./Common/Src/buttons.o
 .debug_macro   0x0000000000000e42       0x2e ./Common/Src/buttons.o
 .debug_macro   0x0000000000000e70       0x2e ./Common/Src/buttons.o
 .debug_macro   0x0000000000000e9e       0x22 ./Common/Src/buttons.o
 .debug_macro   0x0000000000000ec0       0x8e ./Common/Src/buttons.o
 .debug_macro   0x0000000000000f4e       0x51 ./Common/Src/buttons.o
 .debug_macro   0x0000000000000f9f      0x103 ./Common/Src/buttons.o
 .debug_macro   0x00000000000010a2       0x6a ./Common/Src/buttons.o
 .debug_macro   0x000000000000110c      0x1df ./Common/Src/buttons.o
 .debug_macro   0x00000000000012eb       0x1c ./Common/Src/buttons.o
 .debug_macro   0x0000000000001307       0x22 ./Common/Src/buttons.o
 .debug_macro   0x0000000000001329      0x101 ./Common/Src/buttons.o
 .debug_macro   0x000000000000142a     0x1011 ./Common/Src/buttons.o
 .debug_macro   0x000000000000243b      0x11f ./Common/Src/buttons.o
 .debug_macro   0x000000000000255a    0x114ca ./Common/Src/buttons.o
 .debug_macro   0x0000000000013a24       0x6c ./Common/Src/buttons.o
 .debug_macro   0x0000000000013a90     0x34ba ./Common/Src/buttons.o
 .debug_macro   0x0000000000016f4a      0x174 ./Common/Src/buttons.o
 .debug_macro   0x00000000000170be       0x5c ./Common/Src/buttons.o
 .debug_macro   0x000000000001711a      0x3e7 ./Common/Src/buttons.o
 .debug_macro   0x0000000000017501      0x286 ./Common/Src/buttons.o
 .debug_macro   0x0000000000017787      0x2ff ./Common/Src/buttons.o
 .debug_macro   0x0000000000017a86      0x17e ./Common/Src/buttons.o
 .debug_macro   0x0000000000017c04       0x43 ./Common/Src/buttons.o
 .debug_macro   0x0000000000017c47      0x236 ./Common/Src/buttons.o
 .debug_macro   0x0000000000017e7d      0x243 ./Common/Src/buttons.o
 .debug_macro   0x00000000000180c0      0x57b ./Common/Src/buttons.o
 .debug_macro   0x000000000001863b       0x2e ./Common/Src/buttons.o
 .debug_macro   0x0000000000018669      0x100 ./Common/Src/buttons.o
 .debug_macro   0x0000000000018769      0x1b3 ./Common/Src/buttons.o
 .debug_macro   0x000000000001891c      0x1c3 ./Common/Src/buttons.o
 .debug_macro   0x0000000000018adf       0x6c ./Common/Src/buttons.o
 .debug_macro   0x0000000000018b4b      0x234 ./Common/Src/buttons.o
 .debug_macro   0x0000000000018d7f      0x348 ./Common/Src/buttons.o
 .debug_macro   0x00000000000190c7      0x136 ./Common/Src/buttons.o
 .debug_macro   0x00000000000191fd      0x141 ./Common/Src/buttons.o
 .debug_macro   0x000000000001933e      0x4aa ./Common/Src/buttons.o
 .debug_macro   0x00000000000197e8      0x874 ./Common/Src/buttons.o
 .debug_macro   0x000000000001a05c      0x223 ./Common/Src/buttons.o
 .debug_macro   0x000000000001a27f     0x19b9 ./Common/Src/buttons.o
 .debug_macro   0x000000000001bc38       0xe4 ./Common/Src/buttons.o
 .debug_macro   0x000000000001bd1c      0x5e6 ./Common/Src/buttons.o
 .debug_macro   0x000000000001c302      0x2fe ./Common/Src/buttons.o
 .debug_macro   0x000000000001c600      0xaa6 ./Common/Src/buttons.o
 .debug_macro   0x000000000001d0a6      0x110 ./Common/Src/buttons.o
 .debug_macro   0x000000000001d1b6      0x550 ./Common/Src/buttons.o
 .debug_macro   0x000000000001d706      0x433 ./Common/Src/buttons.o
 .debug_macro   0x000000000001db39       0x94 ./Common/Src/buttons.o
 .debug_macro   0x000000000001dbcd      0x321 ./Common/Src/imu.o
 .debug_macro   0x000000000001deee       0x5e ./Common/Src/imu.o
 .debug_macro   0x000000000001df4c       0x52 ./Common/Src/imu.o
 .debug_macro   0x000000000001df9e       0x18 ./Common/Src/imu.o
 .debug_macro   0x000000000001dfb6       0x3c ./Common/Src/imu.o
 .debug_macro   0x000000000001dff2       0x34 ./Common/Src/imu.o
 .debug_macro   0x000000000001e026       0x16 ./Common/Src/imu.o
 .debug_macro   0x000000000001e03c       0x43 ./Common/Src/imu.o